Nov 20 06:09:32.029049 np0000045426 systemd[1]: Starting Devstack devstack@n-api.service...
Nov 20 06:09:32.038987 np0000045426 devstack@n-api.service[79024]: [uWSGI] getting INI configuration from /etc/nova/nova-api-uwsgi.ini
Nov 20 06:09:32.042933 np0000045426 devstack@n-api.service[79024]: *** Starting uWSGI 2.0.20-debian (64bit) on [Thu Nov 20 06:09:32 2025] ***
Nov 20 06:09:32.042933 np0000045426 devstack@n-api.service[79024]: compiled with version: 11.2.0 on 21 March 2022 11:00:44
Nov 20 06:09:32.042933 np0000045426 devstack@n-api.service[79024]: os: Linux-5.15.0-161-generic #171-Ubuntu SMP Sat Oct 11 08:17:01 UTC 2025
Nov 20 06:09:32.042933 np0000045426 devstack@n-api.service[79024]: nodename: np0000045426
Nov 20 06:09:32.042933 np0000045426 devstack@n-api.service[79024]: machine: x86_64
Nov 20 06:09:32.042933 np0000045426 devstack@n-api.service[79024]: clock source: unix
Nov 20 06:09:32.042933 np0000045426 devstack@n-api.service[79024]: pcre jit disabled
Nov 20 06:09:32.042933 np0000045426 devstack@n-api.service[79024]: detected number of CPU cores: 4
Nov 20 06:09:32.042933 np0000045426 devstack@n-api.service[79024]: current working directory: /
Nov 20 06:09:32.042933 np0000045426 devstack@n-api.service[79024]: detected binary path: /usr/bin/uwsgi-core
Nov 20 06:09:32.042933 np0000045426 devstack@n-api.service[79024]: your processes number limit is 31435
Nov 20 06:09:32.042933 np0000045426 devstack@n-api.service[79024]: your memory page size is 4096 bytes
Nov 20 06:09:32.042933 np0000045426 devstack@n-api.service[79024]: detected max file descriptor number: 2048
Nov 20 06:09:32.042933 np0000045426 devstack@n-api.service[79024]: lock engine: pthread robust mutexes
Nov 20 06:09:32.043698 np0000045426 devstack@n-api.service[79024]: thunder lock: enabled
Nov 20 06:09:32.043698 np0000045426 devstack@n-api.service[79024]: uwsgi socket 0 bound to UNIX address /var/run/uwsgi/nova-api.socket fd 4
Nov 20 06:09:32.043698 np0000045426 devstack@n-api.service[79024]: Python version: 3.10.12 (main, Aug 15 2025, 14:32:43) [GCC 11.4.0]
Nov 20 06:09:32.043698 np0000045426 devstack@n-api.service[79024]: PEP 405 virtualenv detected: /opt/stack/data/venv
Nov 20 06:09:32.043698 np0000045426 devstack@n-api.service[79024]: Set PythonHome to /opt/stack/data/venv
Nov 20 06:09:32.076084 np0000045426 devstack@n-api.service[79024]: Python main interpreter initialized at 0x55ac5eabed70
Nov 20 06:09:32.076084 np0000045426 devstack@n-api.service[79024]: python threads support enabled
Nov 20 06:09:32.076084 np0000045426 devstack@n-api.service[79024]: your server socket listen backlog is limited to 100 connections
Nov 20 06:09:32.076084 np0000045426 devstack@n-api.service[79024]: your mercy for graceful operations on workers is 80 seconds
Nov 20 06:09:32.076676 np0000045426 devstack@n-api.service[79024]: mapped 403077 bytes (393 KB) for 2 cores
Nov 20 06:09:32.076676 np0000045426 devstack@n-api.service[79024]: *** Operational MODE: preforking ***
Nov 20 06:09:32.076676 np0000045426 devstack@n-api.service[79024]: *** uWSGI is running in multiple interpreter mode ***
Nov 20 06:09:32.076676 np0000045426 devstack@n-api.service[79024]: spawned uWSGI master process (pid: 79024)
Nov 20 06:09:32.077068 np0000045426 devstack@n-api.service[79024]: spawned uWSGI worker 1 (pid: 79025, cores: 1)
Nov 20 06:09:32.077068 np0000045426 devstack@n-api.service[79024]: spawned uWSGI worker 2 (pid: 79026, cores: 1)
Nov 20 06:09:32.076854 np0000045426 systemd[1]: Started Devstack devstack@n-api.service.
Nov 20 06:09:32.077615 np0000045426 devstack@n-api.service[79024]: running "unix_signal:15 gracefully_kill_them_all" (master-start)...
Nov 20 06:09:32.432261 np0000045426 devstack@n-api.service[79026]: Service is starting with native threading. This is currently experimental. Do not use it in production without first testing it in pre-production.
Nov 20 06:09:32.441860 np0000045426 devstack@n-api.service[79025]: Service is starting with native threading. This is currently experimental. Do not use it in production without first testing it in pre-production.
Nov 20 06:09:33.736371 np0000045426 devstack@n-api.service[79026]: INFO dbcounter [None req-7431f748-2299-44cd-907f-15cfe73e68e8 None None] Registered counter for database nova_api
Nov 20 06:09:33.776595 np0000045426 devstack@n-api.service[79025]: INFO dbcounter [None req-5930ff9f-0cca-4c0e-bb93-50468dc5c8df None None] Registered counter for database nova_api
Nov 20 06:09:33.785352 np0000045426 devstack@n-api.service[79026]: INFO nova.utils [None req-7431f748-2299-44cd-907f-15cfe73e68e8 None None] The cell worker thread pool MainProcess.cell_worker is initialized
Nov 20 06:09:33.798556 np0000045426 devstack@n-api.service[79026]: INFO dbcounter [None req-7431f748-2299-44cd-907f-15cfe73e68e8 None None] Registered counter for database nova_cell0
Nov 20 06:09:33.807603 np0000045426 devstack@n-api.service[79026]: INFO dbcounter [None req-7431f748-2299-44cd-907f-15cfe73e68e8 None None] Registered counter for database nova_cell1
Nov 20 06:09:33.834062 np0000045426 devstack@n-api.service[79025]: INFO nova.utils [None req-5930ff9f-0cca-4c0e-bb93-50468dc5c8df None None] The cell worker thread pool MainProcess.cell_worker is initialized
Nov 20 06:09:33.843850 np0000045426 devstack@n-api.service[79025]: INFO dbcounter [None req-5930ff9f-0cca-4c0e-bb93-50468dc5c8df None None] Registered counter for database nova_cell0
Nov 20 06:09:33.849742 np0000045426 devstack@n-api.service[79025]: INFO dbcounter [None req-5930ff9f-0cca-4c0e-bb93-50468dc5c8df None None] Registered counter for database nova_cell1
Nov 20 06:09:34.064448 np0000045426 devstack@n-api.service[79026]: INFO dbcounter [None req-7431f748-2299-44cd-907f-15cfe73e68e8 None None] Registered counter for database nova_cell0
Nov 20 06:09:34.091559 np0000045426 devstack@n-api.service[79025]: INFO dbcounter [None req-5930ff9f-0cca-4c0e-bb93-50468dc5c8df None None] Registered counter for database nova_cell0
Nov 20 06:09:35.032606 np0000045426 devstack@n-api.service[79026]: WARNING keystonemiddleware.auth_token [None req-7431f748-2299-44cd-907f-15cfe73e68e8 None None] AuthToken middleware is set with keystone_authtoken.service_token_roles_required set to False. This is backwards compatible but deprecated behaviour. Please set this to True.
Nov 20 06:09:35.037238 np0000045426 devstack@n-api.service[79026]: WARNING keystonemiddleware.auth_token [None req-7431f748-2299-44cd-907f-15cfe73e68e8 None None] Configuring www_authenticate_uri to point to the public identity endpoint is required; clients may not be able to authenticate against an admin endpoint
Nov 20 06:09:35.080842 np0000045426 devstack@n-api.service[79025]: WARNING keystonemiddleware.auth_token [None req-5930ff9f-0cca-4c0e-bb93-50468dc5c8df None None] AuthToken middleware is set with keystone_authtoken.service_token_roles_required set to False. This is backwards compatible but deprecated behaviour. Please set this to True.
Nov 20 06:09:35.087852 np0000045426 devstack@n-api.service[79025]: WARNING keystonemiddleware.auth_token [None req-5930ff9f-0cca-4c0e-bb93-50468dc5c8df None None] Configuring www_authenticate_uri to point to the public identity endpoint is required; clients may not be able to authenticate against an admin endpoint
Nov 20 06:09:35.128652 np0000045426 devstack@n-api.service[79026]: WARNING keystonemiddleware.auth_token [None req-7431f748-2299-44cd-907f-15cfe73e68e8 None None] AuthToken middleware is set with keystone_authtoken.service_token_roles_required set to False. This is backwards compatible but deprecated behaviour. Please set this to True.
Nov 20 06:09:35.131867 np0000045426 devstack@n-api.service[79026]: WARNING keystonemiddleware.auth_token [None req-7431f748-2299-44cd-907f-15cfe73e68e8 None None] Configuring www_authenticate_uri to point to the public identity endpoint is required; clients may not be able to authenticate against an admin endpoint
Nov 20 06:09:35.143420 np0000045426 devstack@n-api.service[79026]: WARNING oslo_config.cfg [None req-7431f748-2299-44cd-907f-15cfe73e68e8 None None] Deprecated: Option "cpu_model" from group "libvirt" is deprecated. Use option "cpu_models" from group "libvirt".
Nov 20 06:09:35.144586 np0000045426 devstack@n-api.service[79026]: WARNING oslo_config.cfg [None req-7431f748-2299-44cd-907f-15cfe73e68e8 None None] Deprecated: Option "live_migration_uri" from group "libvirt" is deprecated for removal (
Nov 20 06:09:35.144586 np0000045426 devstack@n-api.service[79026]: live_migration_uri is deprecated for removal in favor of two other options that
Nov 20 06:09:35.144586 np0000045426 devstack@n-api.service[79026]: allow to change live migration scheme and target URI: ``live_migration_scheme``
Nov 20 06:09:35.144586 np0000045426 devstack@n-api.service[79026]: and ``live_migration_inbound_addr`` respectively.
Nov 20 06:09:35.144586 np0000045426 devstack@n-api.service[79026]: ).  Its value may be silently ignored in the future.
Nov 20 06:09:35.153593 np0000045426 devstack@n-api.service[79026]: WSGI app 0 (mountpoint='') ready in 3 seconds on interpreter 0x55ac5eabed70 pid: 79026 (default app)
Nov 20 06:09:35.158199 np0000045426 devstack@n-api.service[79026]: INFO nova.api.openstack.requestlog [None req-7431f748-2299-44cd-907f-15cfe73e68e8 None None] 10.19.119.179 "GET /compute/v2.1/" status: 200 len: 391 microversion: 2.1 time: 0.003522
Nov 20 06:09:35.158619 np0000045426 devstack@n-api.service[79026]: [pid: 79026|app: 0|req: 1/1] 10.19.119.179 () {50 vars in 783 bytes} [Thu Nov 20 06:09:35 2025] GET /compute/v2.1/ => generated 391 bytes in 4 msecs (HTTP/1.1 200) 9 headers in 357 bytes (1 switches on core 0)
Nov 20 06:09:35.184943 np0000045426 devstack@n-api.service[79025]: WARNING keystonemiddleware.auth_token [None req-5930ff9f-0cca-4c0e-bb93-50468dc5c8df None None] AuthToken middleware is set with keystone_authtoken.service_token_roles_required set to False. This is backwards compatible but deprecated behaviour. Please set this to True.
Nov 20 06:09:35.188286 np0000045426 devstack@n-api.service[79025]: WARNING keystonemiddleware.auth_token [None req-5930ff9f-0cca-4c0e-bb93-50468dc5c8df None None] Configuring www_authenticate_uri to point to the public identity endpoint is required; clients may not be able to authenticate against an admin endpoint
Nov 20 06:09:35.204252 np0000045426 devstack@n-api.service[79025]: WARNING oslo_config.cfg [None req-5930ff9f-0cca-4c0e-bb93-50468dc5c8df None None] Deprecated: Option "cpu_model" from group "libvirt" is deprecated. Use option "cpu_models" from group "libvirt".
Nov 20 06:09:35.207777 np0000045426 devstack@n-api.service[79025]: WARNING oslo_config.cfg [None req-5930ff9f-0cca-4c0e-bb93-50468dc5c8df None None] Deprecated: Option "live_migration_uri" from group "libvirt" is deprecated for removal (
Nov 20 06:09:35.207777 np0000045426 devstack@n-api.service[79025]: live_migration_uri is deprecated for removal in favor of two other options that
Nov 20 06:09:35.207777 np0000045426 devstack@n-api.service[79025]: allow to change live migration scheme and target URI: ``live_migration_scheme``
Nov 20 06:09:35.207777 np0000045426 devstack@n-api.service[79025]: and ``live_migration_inbound_addr`` respectively.
Nov 20 06:09:35.207777 np0000045426 devstack@n-api.service[79025]: ).  Its value may be silently ignored in the future.
Nov 20 06:09:35.222353 np0000045426 devstack@n-api.service[79025]: WSGI app 0 (mountpoint='') ready in 3 seconds on interpreter 0x55ac5eabed70 pid: 79025 (default app)
Nov 20 06:10:43.461514 np0000045426 devstack@n-api.service[79026]: INFO nova.api.openstack.requestlog [None req-7431f748-2299-44cd-907f-15cfe73e68e8 None None] 10.19.119.179 "GET /compute/v2.1" status: 200 len: 392 microversion: 2.1 time: 0.003884
Nov 20 06:10:43.461800 np0000045426 devstack@n-api.service[79026]: [pid: 79026|app: 0|req: 2/2] 10.19.119.179 () {62 vars in 1068 bytes} [Thu Nov 20 06:10:43 2025] GET /compute/v2.1 => generated 392 bytes in 5 msecs (HTTP/1.1 200) 9 headers in 357 bytes (1 switches on core 0)
Nov 20 06:10:44.163590 np0000045426 devstack@n-api.service[79025]: INFO nova.api.openstack.requestlog [None req-2d9b8c2d-5298-4ae4-adca-c4f17b9e210a admin admin] 10.19.119.179 "GET /compute/v2.1/flavors/detail?is_public=True" status: 200 len: 15 microversion: 2.61 time: 0.687054
Nov 20 06:10:44.164266 np0000045426 devstack@n-api.service[79025]: [pid: 79025|app: 0|req: 1/3] 10.19.119.179 () {68 vars in 1429 bytes} [Thu Nov 20 06:10:43 2025] GET /compute/v2.1/flavors/detail?is_public=True => generated 15 bytes in 689 msecs (HTTP/1.1 200) 9 headers in 358 bytes (1 switches on core 0)
Nov 20 06:10:44.600842 np0000045426 devstack@n-api.service[79026]: INFO nova.api.openstack.requestlog [None req-ce29883b-725b-4e56-9e60-1eb68324bfa2 admin admin] 10.19.119.179 "POST /compute/v2.1/flavors" status: 200 len: 413 microversion: 2.61 time: 0.135231
Nov 20 06:10:44.601244 np0000045426 devstack@n-api.service[79026]: [pid: 79026|app: 0|req: 3/4] 10.19.119.179 () {72 vars in 1420 bytes} [Thu Nov 20 06:10:44 2025] POST /compute/v2.1/flavors => generated 413 bytes in 136 msecs (HTTP/1.1 200) 9 headers in 359 bytes (1 switches on core 0)
Nov 20 06:10:44.676114 np0000045426 devstack@n-api.service[79025]: INFO nova.api.openstack.requestlog [None req-41474d47-d084-4bf0-b45a-5f65807e0e6c admin admin] 10.19.119.179 "POST /compute/v2.1/flavors/c1/os-extra_specs" status: 200 len: 43 microversion: 2.61 time: 0.060518
Nov 20 06:10:44.676723 np0000045426 devstack@n-api.service[79025]: [pid: 79025|app: 0|req: 2/5] 10.19.119.179 () {72 vars in 1473 bytes} [Thu Nov 20 06:10:44 2025] POST /compute/v2.1/flavors/c1/os-extra_specs => generated 43 bytes in 62 msecs (HTTP/1.1 200) 9 headers in 358 bytes (1 switches on core 0)
Nov 20 06:10:45.040109 np0000045426 devstack@n-api.service[79026]: INFO nova.api.openstack.requestlog [None req-75989c32-c61d-4301-9d26-1badc80bf2ef admin admin] 10.19.119.179 "POST /compute/v2.1/flavors" status: 200 len: 410 microversion: 2.61 time: 0.052139
Nov 20 06:10:45.040736 np0000045426 devstack@n-api.service[79026]: [pid: 79026|app: 0|req: 4/6] 10.19.119.179 () {72 vars in 1420 bytes} [Thu Nov 20 06:10:44 2025] POST /compute/v2.1/flavors => generated 410 bytes in 53 msecs (HTTP/1.1 200) 9 headers in 359 bytes (1 switches on core 0)
Nov 20 06:10:45.103414 np0000045426 devstack@n-api.service[79025]: INFO nova.api.openstack.requestlog [None req-a93e7eb7-5e09-4df0-a57f-269afd44c7ec admin admin] 10.19.119.179 "POST /compute/v2.1/flavors/d1/os-extra_specs" status: 200 len: 43 microversion: 2.61 time: 0.046731
Nov 20 06:10:45.103831 np0000045426 devstack@n-api.service[79025]: [pid: 79025|app: 0|req: 3/7] 10.19.119.179 () {72 vars in 1473 bytes} [Thu Nov 20 06:10:45 2025] POST /compute/v2.1/flavors/d1/os-extra_specs => generated 43 bytes in 48 msecs (HTTP/1.1 200) 9 headers in 358 bytes (1 switches on core 0)
Nov 20 06:10:45.438498 np0000045426 devstack@n-api.service[79026]: INFO nova.api.openstack.requestlog [None req-9c6ea163-24e4-4f6e-983c-21cbd37cdfa3 admin admin] 10.19.119.179 "POST /compute/v2.1/flavors" status: 200 len: 410 microversion: 2.61 time: 0.024951
Nov 20 06:10:45.439197 np0000045426 devstack@n-api.service[79026]: [pid: 79026|app: 0|req: 5/8] 10.19.119.179 () {72 vars in 1420 bytes} [Thu Nov 20 06:10:45 2025] POST /compute/v2.1/flavors => generated 410 bytes in 26 msecs (HTTP/1.1 200) 9 headers in 359 bytes (3 switches on core 0)
Nov 20 06:10:45.484899 np0000045426 devstack@n-api.service[79025]: INFO nova.api.openstack.requestlog [None req-df7cdf35-5f21-46bb-8161-e6b6396cc9f2 admin admin] 10.19.119.179 "POST /compute/v2.1/flavors/d2/os-extra_specs" status: 200 len: 43 microversion: 2.61 time: 0.034843
Nov 20 06:10:45.485401 np0000045426 devstack@n-api.service[79025]: [pid: 79025|app: 0|req: 4/9] 10.19.119.179 () {72 vars in 1473 bytes} [Thu Nov 20 06:10:45 2025] POST /compute/v2.1/flavors/d2/os-extra_specs => generated 43 bytes in 36 msecs (HTTP/1.1 200) 9 headers in 358 bytes (1 switches on core 0)
Nov 20 06:10:45.751879 np0000045426 devstack@n-api.service[79026]: INFO nova.api.openstack.requestlog [None req-ff2f3c25-7d06-4b4d-8091-940860c5c0d0 admin admin] 10.19.119.179 "POST /compute/v2.1/flavors" status: 200 len: 410 microversion: 2.61 time: 0.030582
Nov 20 06:10:45.752766 np0000045426 devstack@n-api.service[79026]: [pid: 79026|app: 0|req: 6/10] 10.19.119.179 () {72 vars in 1420 bytes} [Thu Nov 20 06:10:45 2025] POST /compute/v2.1/flavors => generated 410 bytes in 32 msecs (HTTP/1.1 200) 9 headers in 359 bytes (1 switches on core 0)
Nov 20 06:10:45.800449 np0000045426 devstack@n-api.service[79025]: INFO nova.api.openstack.requestlog [None req-9b9b6e37-4ba7-41e0-8585-b31704af1f62 admin admin] 10.19.119.179 "POST /compute/v2.1/flavors/d3/os-extra_specs" status: 200 len: 43 microversion: 2.61 time: 0.034243
Nov 20 06:10:45.801144 np0000045426 devstack@n-api.service[79025]: [pid: 79025|app: 0|req: 5/11] 10.19.119.179 () {72 vars in 1473 bytes} [Thu Nov 20 06:10:45 2025] POST /compute/v2.1/flavors/d3/os-extra_specs => generated 43 bytes in 35 msecs (HTTP/1.1 200) 9 headers in 358 bytes (1 switches on core 0)
Nov 20 06:10:46.117657 np0000045426 devstack@n-api.service[79026]: INFO nova.api.openstack.requestlog [None req-fde860ea-45d6-491e-b632-15bc6d2c77f1 admin admin] 10.19.119.179 "POST /compute/v2.1/flavors" status: 200 len: 410 microversion: 2.61 time: 0.041680
Nov 20 06:10:46.130092 np0000045426 devstack@n-api.service[79026]: [pid: 79026|app: 0|req: 7/12] 10.19.119.179 () {72 vars in 1420 bytes} [Thu Nov 20 06:10:46 2025] POST /compute/v2.1/flavors => generated 410 bytes in 43 msecs (HTTP/1.1 200) 9 headers in 359 bytes (1 switches on core 0)
Nov 20 06:10:46.159056 np0000045426 devstack@n-api.service[79025]: INFO nova.api.openstack.requestlog [None req-ebccef64-98b9-4615-8786-ebfc607d9b80 admin admin] 10.19.119.179 "POST /compute/v2.1/flavors/d4/os-extra_specs" status: 200 len: 43 microversion: 2.61 time: 0.027349
Nov 20 06:10:46.160109 np0000045426 devstack@n-api.service[79025]: [pid: 79025|app: 0|req: 6/13] 10.19.119.179 () {72 vars in 1473 bytes} [Thu Nov 20 06:10:46 2025] POST /compute/v2.1/flavors/d4/os-extra_specs => generated 43 bytes in 29 msecs (HTTP/1.1 200) 9 headers in 358 bytes (1 switches on core 0)
Nov 20 06:10:46.449636 np0000045426 devstack@n-api.service[79026]: INFO nova.api.openstack.requestlog [None req-76b78ca0-63d8-4d6b-a4b3-644ddd18bb17 admin admin] 10.19.119.179 "GET /compute/v2.1/flavors/detail?is_public=True" status: 200 len: 2136 microversion: 2.61 time: 0.025935
Nov 20 06:10:46.449953 np0000045426 devstack@n-api.service[79026]: [pid: 79026|app: 0|req: 8/14] 10.19.119.179 () {68 vars in 1429 bytes} [Thu Nov 20 06:10:46 2025] GET /compute/v2.1/flavors/detail?is_public=True => generated 2136 bytes in 27 msecs (HTTP/1.1 200) 9 headers in 360 bytes (1 switches on core 0)
Nov 20 06:10:46.756235 np0000045426 devstack@n-api.service[79025]: INFO nova.api.openstack.requestlog [None req-01a7ff35-2f61-4dee-a1f5-8b389a3c26f3 admin admin] 10.19.119.179 "POST /compute/v2.1/flavors" status: 200 len: 408 microversion: 2.61 time: 0.039316
Nov 20 06:10:46.761970 np0000045426 devstack@n-api.service[79025]: [pid: 79025|app: 0|req: 7/15] 10.19.119.179 () {72 vars in 1420 bytes} [Thu Nov 20 06:10:46 2025] POST /compute/v2.1/flavors => generated 408 bytes in 45 msecs (HTTP/1.1 200) 9 headers in 359 bytes (1 switches on core 0)
Nov 20 06:10:46.816166 np0000045426 devstack@n-api.service[79026]: INFO nova.api.openstack.requestlog [None req-9df614b5-47c4-41da-b3c2-48d317414079 admin admin] 10.19.119.179 "POST /compute/v2.1/flavors/1/os-extra_specs" status: 200 len: 43 microversion: 2.61 time: 0.043626
Nov 20 06:10:46.817221 np0000045426 devstack@n-api.service[79026]: [pid: 79026|app: 0|req: 9/16] 10.19.119.179 () {72 vars in 1470 bytes} [Thu Nov 20 06:10:46 2025] POST /compute/v2.1/flavors/1/os-extra_specs => generated 43 bytes in 45 msecs (HTTP/1.1 200) 9 headers in 358 bytes (1 switches on core 0)
Nov 20 06:10:47.091895 np0000045426 devstack@n-api.service[79025]: INFO nova.api.openstack.requestlog [None req-5b39d8fd-d3be-4317-b98e-44b4f7ebac97 admin admin] 10.19.119.179 "POST /compute/v2.1/flavors" status: 200 len: 411 microversion: 2.61 time: 0.027685
Nov 20 06:10:47.092603 np0000045426 devstack@n-api.service[79025]: [pid: 79025|app: 0|req: 8/17] 10.19.119.179 () {72 vars in 1420 bytes} [Thu Nov 20 06:10:47 2025] POST /compute/v2.1/flavors => generated 411 bytes in 29 msecs (HTTP/1.1 200) 9 headers in 359 bytes (1 switches on core 0)
Nov 20 06:10:47.136257 np0000045426 devstack@n-api.service[79026]: INFO nova.api.openstack.requestlog [None req-f5209b25-0086-4903-9717-20e6c21913b7 admin admin] 10.19.119.179 "POST /compute/v2.1/flavors/2/os-extra_specs" status: 200 len: 43 microversion: 2.61 time: 0.030926
Nov 20 06:10:47.137995 np0000045426 devstack@n-api.service[79026]: [pid: 79026|app: 0|req: 10/18] 10.19.119.179 () {72 vars in 1470 bytes} [Thu Nov 20 06:10:47 2025] POST /compute/v2.1/flavors/2/os-extra_specs => generated 43 bytes in 33 msecs (HTTP/1.1 200) 9 headers in 358 bytes (1 switches on core 0)
Nov 20 06:10:47.429146 np0000045426 devstack@n-api.service[79025]: INFO nova.api.openstack.requestlog [None req-22f6a80e-213f-49b7-a23f-7c6d8ea2855a admin admin] 10.19.119.179 "POST /compute/v2.1/flavors" status: 200 len: 412 microversion: 2.61 time: 0.036517
Nov 20 06:10:47.429627 np0000045426 devstack@n-api.service[79025]: [pid: 79025|app: 0|req: 9/19] 10.19.119.179 () {72 vars in 1420 bytes} [Thu Nov 20 06:10:47 2025] POST /compute/v2.1/flavors => generated 412 bytes in 37 msecs (HTTP/1.1 200) 9 headers in 359 bytes (1 switches on core 0)
Nov 20 06:10:47.482371 np0000045426 devstack@n-api.service[79026]: INFO nova.api.openstack.requestlog [None req-e2ba71bc-315d-4cfe-8fe7-b64eba5191f1 admin admin] 10.19.119.179 "POST /compute/v2.1/flavors/3/os-extra_specs" status: 200 len: 43 microversion: 2.61 time: 0.036058
Nov 20 06:10:47.482966 np0000045426 devstack@n-api.service[79026]: [pid: 79026|app: 0|req: 11/20] 10.19.119.179 () {72 vars in 1470 bytes} [Thu Nov 20 06:10:47 2025] POST /compute/v2.1/flavors/3/os-extra_specs => generated 43 bytes in 37 msecs (HTTP/1.1 200) 9 headers in 358 bytes (1 switches on core 0)
Nov 20 06:10:47.797851 np0000045426 devstack@n-api.service[79025]: INFO nova.api.openstack.requestlog [None req-d3214144-dfeb-4804-a7fa-a71ccfb0ce52 admin admin] 10.19.119.179 "POST /compute/v2.1/flavors" status: 200 len: 411 microversion: 2.61 time: 0.028900
Nov 20 06:10:47.798409 np0000045426 devstack@n-api.service[79025]: [pid: 79025|app: 0|req: 10/21] 10.19.119.179 () {72 vars in 1420 bytes} [Thu Nov 20 06:10:47 2025] POST /compute/v2.1/flavors => generated 411 bytes in 30 msecs (HTTP/1.1 200) 9 headers in 359 bytes (1 switches on core 0)
Nov 20 06:10:47.847653 np0000045426 devstack@n-api.service[79026]: INFO nova.api.openstack.requestlog [None req-d06f81a4-a63e-413b-863f-c3430ecc836e admin admin] 10.19.119.179 "POST /compute/v2.1/flavors/4/os-extra_specs" status: 200 len: 43 microversion: 2.61 time: 0.037027
Nov 20 06:10:47.848979 np0000045426 devstack@n-api.service[79026]: [pid: 79026|app: 0|req: 12/22] 10.19.119.179 () {72 vars in 1470 bytes} [Thu Nov 20 06:10:47 2025] POST /compute/v2.1/flavors/4/os-extra_specs => generated 43 bytes in 39 msecs (HTTP/1.1 200) 9 headers in 358 bytes (1 switches on core 0)
Nov 20 06:10:48.193715 np0000045426 devstack@n-api.service[79025]: INFO nova.api.openstack.requestlog [None req-ec7d5165-2355-4991-8825-54b45a12a654 admin admin] 10.19.119.179 "POST /compute/v2.1/flavors" status: 200 len: 414 microversion: 2.61 time: 0.024635
Nov 20 06:10:48.195074 np0000045426 devstack@n-api.service[79025]: [pid: 79025|app: 0|req: 11/23] 10.19.119.179 () {72 vars in 1420 bytes} [Thu Nov 20 06:10:48 2025] POST /compute/v2.1/flavors => generated 414 bytes in 26 msecs (HTTP/1.1 200) 9 headers in 359 bytes (1 switches on core 0)
Nov 20 06:10:48.239219 np0000045426 devstack@n-api.service[79026]: INFO nova.api.openstack.requestlog [None req-86e7070c-ea31-44ef-bbfb-fe2e89cb23ac admin admin] 10.19.119.179 "POST /compute/v2.1/flavors/5/os-extra_specs" status: 200 len: 43 microversion: 2.61 time: 0.029574
Nov 20 06:10:48.244234 np0000045426 devstack@n-api.service[79026]: [pid: 79026|app: 0|req: 13/24] 10.19.119.179 () {72 vars in 1470 bytes} [Thu Nov 20 06:10:48 2025] POST /compute/v2.1/flavors/5/os-extra_specs => generated 43 bytes in 31 msecs (HTTP/1.1 200) 9 headers in 358 bytes (1 switches on core 0)
Nov 20 06:11:10.053380 np0000045426 devstack@n-api.service[79025]: INFO nova.api.openstack.requestlog [None req-71f8c76b-a517-4512-9a1b-855b2ede09e5 admin admin] 10.19.119.179 "GET /compute/v2.1/os-services?binary=nova-compute&host=np0000045426" status: 200 len: 255 microversion: 2.69 time: 0.045758
Nov 20 06:11:10.053995 np0000045426 devstack@n-api.service[79025]: [pid: 79025|app: 0|req: 12/25] 10.19.119.179 () {68 vars in 1466 bytes} [Thu Nov 20 06:11:10 2025] GET /compute/v2.1/os-services?binary=nova-compute&host=np0000045426 => generated 255 bytes in 47 msecs (HTTP/1.1 200) 9 headers in 359 bytes (1 switches on core 0)
Nov 20 06:11:30.286066 np0000045426 devstack@n-api.service[79026]: INFO nova.api.openstack.requestlog [None req-3c57f5d0-abf7-416c-b28b-4b0f0f232057 admin admin] 10.19.119.179 "GET /compute/v2.1/flavors/detail?is_public=True" status: 200 len: 4262 microversion: 2.61 time: 0.023442
Nov 20 06:11:30.286971 np0000045426 devstack@n-api.service[79026]: [pid: 79026|app: 0|req: 14/26] 10.19.119.179 () {68 vars in 1429 bytes} [Thu Nov 20 06:11:30 2025] GET /compute/v2.1/flavors/detail?is_public=True => generated 4262 bytes in 24 msecs (HTTP/1.1 200) 9 headers in 360 bytes (1 switches on core 0)
Nov 20 06:11:31.161728 np0000045426 devstack@n-api.service[79025]: INFO nova.api.openstack.requestlog [None req-aee9b84e-1bdc-49a7-a4d9-5178812ec534 admin admin] 10.19.119.179 "POST /compute/v2.1/flavors" status: 200 len: 411 microversion: 2.61 time: 0.063725
Nov 20 06:11:31.162237 np0000045426 devstack@n-api.service[79025]: [pid: 79025|app: 0|req: 13/27] 10.19.119.179 () {72 vars in 1420 bytes} [Thu Nov 20 06:11:31 2025] POST /compute/v2.1/flavors => generated 411 bytes in 74 msecs (HTTP/1.1 200) 9 headers in 359 bytes (1 switches on core 0)
Nov 20 06:11:31.222136 np0000045426 devstack@n-api.service[79026]: INFO nova.api.openstack.requestlog [None req-658632f3-2f67-4b63-b9b2-b388ff0bafdd admin admin] 10.19.119.179 "POST /compute/v2.1/flavors/42/os-extra_specs" status: 200 len: 43 microversion: 2.61 time: 0.041143
Nov 20 06:11:31.222454 np0000045426 devstack@n-api.service[79026]: [pid: 79026|app: 0|req: 15/28] 10.19.119.179 () {72 vars in 1473 bytes} [Thu Nov 20 06:11:31 2025] POST /compute/v2.1/flavors/42/os-extra_specs => generated 43 bytes in 42 msecs (HTTP/1.1 200) 9 headers in 358 bytes (1 switches on core 0)
Nov 20 06:11:31.976874 np0000045426 devstack@n-api.service[79025]: INFO nova.api.openstack.requestlog [None req-7f385c1b-16fa-40ef-81d3-4f2cc6ecafcc admin admin] 10.19.119.179 "POST /compute/v2.1/flavors" status: 200 len: 412 microversion: 2.61 time: 0.028449
Nov 20 06:11:31.977471 np0000045426 devstack@n-api.service[79025]: [pid: 79025|app: 0|req: 14/29] 10.19.119.179 () {72 vars in 1420 bytes} [Thu Nov 20 06:11:31 2025] POST /compute/v2.1/flavors => generated 412 bytes in 30 msecs (HTTP/1.1 200) 9 headers in 359 bytes (1 switches on core 0)
Nov 20 06:11:32.036616 np0000045426 devstack@n-api.service[79026]: INFO nova.api.openstack.requestlog [None req-4cbceb44-a189-4c88-aa96-91e1b8c3bcb9 admin admin] 10.19.119.179 "POST /compute/v2.1/flavors/84/os-extra_specs" status: 200 len: 43 microversion: 2.61 time: 0.038971
Nov 20 06:11:32.037465 np0000045426 devstack@n-api.service[79026]: [pid: 79026|app: 0|req: 16/30] 10.19.119.179 () {72 vars in 1473 bytes} [Thu Nov 20 06:11:31 2025] POST /compute/v2.1/flavors/84/os-extra_specs => generated 43 bytes in 40 msecs (HTTP/1.1 200) 9 headers in 358 bytes (2 switches on core 0)
