Dec 05 10:17:30.087537 np0000045452 cinder-volume[101249]: DEBUG oslo_db.sqlalchemy.engines [None req-ccf34565-f030-4266-affb-ca7f4bf2fc4c None None] MySQL server mode set to STRICT_TRANS_TABLES,STRICT_ALL_TABLES,NO_ZERO_IN_DATE,NO_ZERO_DATE,ERROR_FOR_DIVISION_BY_ZERO,TRADITIONAL,NO_ENGINE_SUBSTITUTION {{(pid=101249) _check_effective_sql_mode /opt/stack/data/venv/lib/python3.10/site-packages/oslo_db/sqlalchemy/engines.py:397}}
Dec 05 10:17:30.091577 np0000045452 cinder-volume[101249]: DEBUG dbcounter [-] [101249] Writer thread running {{(pid=101249) stat_writer /opt/stack/data/venv/lib/python3.10/site-packages/dbcounter.py:102}}
Dec 05 10:17:30.096835 np0000045452 cinder-volume[101249]: DEBUG cinder.service [None req-ccf34565-f030-4266-affb-ca7f4bf2fc4c None None] Pinning object versions for RPC server serializer to 1.39 {{(pid=101249) start /opt/stack/cinder/cinder/service.py:245}}
Dec 05 10:17:30.117317 np0000045452 cinder-volume[101250]: INFO cinder.volume.manager [None req-06836d7b-39c8-4bd8-9f48-0c30ff0193f2 None None] Initializing RPC dependent components of volume driver PowerFlexDriver (3.6.0)
Dec 05 10:17:30.117548 np0000045452 cinder-volume[101250]: ERROR cinder.volume.volume_utils [None req-06836d7b-39c8-4bd8-9f48-0c30ff0193f2 None None] Volume driver PowerFlexDriver not initialized
Dec 05 10:17:30.117767 np0000045452 cinder-volume[101250]: ERROR cinder.volume.manager [None req-06836d7b-39c8-4bd8-9f48-0c30ff0193f2 None None] Cannot complete RPC initialization because driver isn't initialized properly.: cinder.exception.DriverNotInitialized: Volume driver not ready.
Dec 05 10:17:30.153371 np0000045452 cinder-volume[101249]: INFO cinder.volume.manager [None req-ccf34565-f030-4266-affb-ca7f4bf2fc4c None None] Initializing RPC dependent components of volume driver PowerFlexDriver (3.6.0)
Dec 05 10:17:30.153779 np0000045452 cinder-volume[101249]: ERROR cinder.volume.volume_utils [None req-ccf34565-f030-4266-affb-ca7f4bf2fc4c None None] Volume driver PowerFlexDriver not initialized
Dec 05 10:17:30.154104 np0000045452 cinder-volume[101249]: ERROR cinder.volume.manager [None req-ccf34565-f030-4266-affb-ca7f4bf2fc4c None None] Cannot complete RPC initialization because driver isn't initialized properly.: cinder.exception.DriverNotInitialized: Volume driver not ready.
Dec 05 10:17:32.437710 np0000045452 cinder-volume[101070]: DEBUG dbcounter [-] [101070] Writing DB stats cinder:SELECT=12,cinder:INSERT=2,cinder:UPDATE=3 {{(pid=101070) stat_writer /opt/stack/data/venv/lib/python3.10/site-packages/dbcounter.py:115}}
Dec 05 10:17:40.044692 np0000045452 cinder-volume[101250]: DEBUG dbcounter [-] [101250] Writing DB stats cinder:SELECT=13,cinder:INSERT=2,cinder:UPDATE=3 {{(pid=101250) stat_writer /opt/stack/data/venv/lib/python3.10/site-packages/dbcounter.py:115}}
Dec 05 10:17:40.095954 np0000045452 cinder-volume[101249]: DEBUG dbcounter [-] [101249] Writing DB stats cinder:SELECT=9,cinder:INSERT=1,cinder:UPDATE=1 {{(pid=101249) stat_writer /opt/stack/data/venv/lib/python3.10/site-packages/dbcounter.py:115}}
Dec 05 10:18:30.120788 np0000045452 cinder-volume[101250]: DEBUG oslo_service.periodic_task [None req-3a61b5df-bc54-41ac-8c77-aea545e8704e None None] Running periodic task VolumeManager.publish_service_capabilities {{(pid=101250) run_periodic_tasks /opt/stack/data/venv/lib/python3.10/site-packages/oslo_service/periodic_task.py:210}}
Dec 05 10:18:30.131058 np0000045452 cinder-volume[101250]: WARNING cinder.volume.manager [None req-3a61b5df-bc54-41ac-8c77-aea545e8704e None None] Update driver status failed: (config name powerflex2) is uninitialized.
Dec 05 10:18:40.131325 np0000045452 cinder-volume[101250]: DEBUG dbcounter [-] [101250] Writing DB stats cinder:SELECT=1 {{(pid=101250) stat_writer /opt/stack/data/venv/lib/python3.10/site-packages/dbcounter.py:115}}
Dec 05 10:18:42.161916 np0000045452 cinder-volume[101249]: DEBUG oslo_service.periodic_task [None req-8ba042c5-9fa6-45fa-b840-eff853fd1e98 None None] Running periodic task VolumeManager.publish_service_capabilities {{(pid=101249) run_periodic_tasks /opt/stack/data/venv/lib/python3.10/site-packages/oslo_service/periodic_task.py:210}}
Dec 05 10:18:42.177780 np0000045452 cinder-volume[101249]: WARNING cinder.volume.manager [None req-8ba042c5-9fa6-45fa-b840-eff853fd1e98 None None] Update driver status failed: (config name powerflex1) is uninitialized.
Dec 05 10:18:52.176020 np0000045452 cinder-volume[101249]: DEBUG dbcounter [-] [101249] Writing DB stats cinder:SELECT=1 {{(pid=101249) stat_writer /opt/stack/data/venv/lib/python3.10/site-packages/dbcounter.py:115}}
Dec 05 10:19:30.119608 np0000045452 cinder-volume[101250]: ERROR cinder.service [-] Manager for service cinder-volume np0000045452@powerflex2 is reporting problems, not sending heartbeat. Service will appear "down".
Dec 05 10:19:30.123688 np0000045452 cinder-volume[101250]: DEBUG oslo_service.periodic_task [None req-3a61b5df-bc54-41ac-8c77-aea545e8704e None None] Running periodic task VolumeManager.publish_service_capabilities {{(pid=101250) run_periodic_tasks /opt/stack/data/venv/lib/python3.10/site-packages/oslo_service/periodic_task.py:210}}
Dec 05 10:19:30.123688 np0000045452 cinder-volume[101250]: WARNING cinder.volume.manager [None req-3a61b5df-bc54-41ac-8c77-aea545e8704e None None] Update driver status failed: (config name powerflex2) is uninitialized.
Dec 05 10:19:30.156249 np0000045452 cinder-volume[101249]: ERROR cinder.service [-] Manager for service cinder-volume np0000045452@powerflex1 is reporting problems, not sending heartbeat. Service will appear "down".
Dec 05 10:19:42.161572 np0000045452 cinder-volume[101249]: DEBUG oslo_service.periodic_task [None req-8ba042c5-9fa6-45fa-b840-eff853fd1e98 None None] Running periodic task VolumeManager.publish_service_capabilities {{(pid=101249) run_periodic_tasks /opt/stack/data/venv/lib/python3.10/site-packages/oslo_service/periodic_task.py:210}}
Dec 05 10:19:42.162062 np0000045452 cinder-volume[101249]: WARNING cinder.volume.manager [None req-8ba042c5-9fa6-45fa-b840-eff853fd1e98 None None] Update driver status failed: (config name powerflex1) is uninitialized.
Dec 05 10:20:30.125979 np0000045452 cinder-volume[101250]: DEBUG oslo_service.periodic_task [None req-3a61b5df-bc54-41ac-8c77-aea545e8704e None None] Running periodic task VolumeManager.publish_service_capabilities {{(pid=101250) run_periodic_tasks /opt/stack/data/venv/lib/python3.10/site-packages/oslo_service/periodic_task.py:210}}
Dec 05 10:20:30.125979 np0000045452 cinder-volume[101250]: WARNING cinder.volume.manager [None req-3a61b5df-bc54-41ac-8c77-aea545e8704e None None] Update driver status failed: (config name powerflex2) is uninitialized.
Dec 05 10:20:42.165414 np0000045452 cinder-volume[101249]: DEBUG oslo_service.periodic_task [None req-8ba042c5-9fa6-45fa-b840-eff853fd1e98 None None] Running periodic task VolumeManager.publish_service_capabilities {{(pid=101249) run_periodic_tasks /opt/stack/data/venv/lib/python3.10/site-packages/oslo_service/periodic_task.py:210}}
Dec 05 10:20:42.165414 np0000045452 cinder-volume[101249]: WARNING cinder.volume.manager [None req-8ba042c5-9fa6-45fa-b840-eff853fd1e98 None None] Update driver status failed: (config name powerflex1) is uninitialized.
Dec 05 10:21:30.121969 np0000045452 cinder-volume[101250]: ERROR cinder.service [-] Manager for service cinder-volume np0000045452@powerflex2 is reporting problems, not sending heartbeat. Service will appear "down".
Dec 05 10:21:30.126556 np0000045452 cinder-volume[101250]: DEBUG oslo_service.periodic_task [None req-3a61b5df-bc54-41ac-8c77-aea545e8704e None None] Running periodic task VolumeManager.publish_service_capabilities {{(pid=101250) run_periodic_tasks /opt/stack/data/venv/lib/python3.10/site-packages/oslo_service/periodic_task.py:210}}
Dec 05 10:21:30.126730 np0000045452 cinder-volume[101250]: WARNING cinder.volume.manager [None req-3a61b5df-bc54-41ac-8c77-aea545e8704e None None] Update driver status failed: (config name powerflex2) is uninitialized.
Dec 05 10:21:30.157758 np0000045452 cinder-volume[101249]: ERROR cinder.service [-] Manager for service cinder-volume np0000045452@powerflex1 is reporting problems, not sending heartbeat. Service will appear "down".
Dec 05 10:21:42.166405 np0000045452 cinder-volume[101249]: DEBUG oslo_service.periodic_task [None req-8ba042c5-9fa6-45fa-b840-eff853fd1e98 None None] Running periodic task VolumeManager.publish_service_capabilities {{(pid=101249) run_periodic_tasks /opt/stack/data/venv/lib/python3.10/site-packages/oslo_service/periodic_task.py:210}}
Dec 05 10:21:42.166834 np0000045452 cinder-volume[101249]: WARNING cinder.volume.manager [None req-8ba042c5-9fa6-45fa-b840-eff853fd1e98 None None] Update driver status failed: (config name powerflex1) is uninitialized.
Dec 05 10:22:30.127570 np0000045452 cinder-volume[101250]: DEBUG oslo_service.periodic_task [None req-3a61b5df-bc54-41ac-8c77-aea545e8704e None None] Running periodic task VolumeManager.publish_service_capabilities {{(pid=101250) run_periodic_tasks /opt/stack/data/venv/lib/python3.10/site-packages/oslo_service/periodic_task.py:210}}
Dec 05 10:22:30.127948 np0000045452 cinder-volume[101250]: WARNING cinder.volume.manager [None req-3a61b5df-bc54-41ac-8c77-aea545e8704e None None] Update driver status failed: (config name powerflex2) is uninitialized.
Dec 05 10:22:42.170929 np0000045452 cinder-volume[101249]: DEBUG oslo_service.periodic_task [None req-8ba042c5-9fa6-45fa-b840-eff853fd1e98 None None] Running periodic task VolumeManager.publish_service_capabilities {{(pid=101249) run_periodic_tasks /opt/stack/data/venv/lib/python3.10/site-packages/oslo_service/periodic_task.py:210}}
Dec 05 10:22:42.170929 np0000045452 cinder-volume[101249]: WARNING cinder.volume.manager [None req-8ba042c5-9fa6-45fa-b840-eff853fd1e98 None None] Update driver status failed: (config name powerflex1) is uninitialized.
Dec 05 10:23:30.122523 np0000045452 cinder-volume[101250]: ERROR cinder.service [-] Manager for service cinder-volume np0000045452@powerflex2 is reporting problems, not sending heartbeat. Service will appear "down".
Dec 05 10:23:30.129035 np0000045452 cinder-volume[101250]: DEBUG oslo_service.periodic_task [None req-3a61b5df-bc54-41ac-8c77-aea545e8704e None None] Running periodic task VolumeManager.publish_service_capabilities {{(pid=101250) run_periodic_tasks /opt/stack/data/venv/lib/python3.10/site-packages/oslo_service/periodic_task.py:210}}
Dec 05 10:23:30.129219 np0000045452 cinder-volume[101250]: WARNING cinder.volume.manager [None req-3a61b5df-bc54-41ac-8c77-aea545e8704e None None] Update driver status failed: (config name powerflex2) is uninitialized.
Dec 05 10:23:30.162624 np0000045452 cinder-volume[101249]: ERROR cinder.service [-] Manager for service cinder-volume np0000045452@powerflex1 is reporting problems, not sending heartbeat. Service will appear "down".
Dec 05 10:23:42.172666 np0000045452 cinder-volume[101249]: DEBUG oslo_service.periodic_task [None req-8ba042c5-9fa6-45fa-b840-eff853fd1e98 None None] Running periodic task VolumeManager.publish_service_capabilities {{(pid=101249) run_periodic_tasks /opt/stack/data/venv/lib/python3.10/site-packages/oslo_service/periodic_task.py:210}}
Dec 05 10:23:42.173145 np0000045452 cinder-volume[101249]: WARNING cinder.volume.manager [None req-8ba042c5-9fa6-45fa-b840-eff853fd1e98 None None] Update driver status failed: (config name powerflex1) is uninitialized.
Dec 05 10:24:30.130193 np0000045452 cinder-volume[101250]: DEBUG oslo_service.periodic_task [None req-3a61b5df-bc54-41ac-8c77-aea545e8704e None None] Running periodic task VolumeManager.publish_service_capabilities {{(pid=101250) run_periodic_tasks /opt/stack/data/venv/lib/python3.10/site-packages/oslo_service/periodic_task.py:210}}
Dec 05 10:24:30.130525 np0000045452 cinder-volume[101250]: WARNING cinder.volume.manager [None req-3a61b5df-bc54-41ac-8c77-aea545e8704e None None] Update driver status failed: (config name powerflex2) is uninitialized.
Dec 05 10:24:42.177094 np0000045452 cinder-volume[101249]: DEBUG oslo_service.periodic_task [None req-8ba042c5-9fa6-45fa-b840-eff853fd1e98 None None] Running periodic task VolumeManager.publish_service_capabilities {{(pid=101249) run_periodic_tasks /opt/stack/data/venv/lib/python3.10/site-packages/oslo_service/periodic_task.py:210}}
Dec 05 10:24:42.177094 np0000045452 cinder-volume[101249]: WARNING cinder.volume.manager [None req-8ba042c5-9fa6-45fa-b840-eff853fd1e98 None None] Update driver status failed: (config name powerflex1) is uninitialized.
Dec 05 10:25:30.123305 np0000045452 cinder-volume[101250]: ERROR cinder.service [-] Manager for service cinder-volume np0000045452@powerflex2 is reporting problems, not sending heartbeat. Service will appear "down".
Dec 05 10:25:30.132595 np0000045452 cinder-volume[101250]: DEBUG oslo_service.periodic_task [None req-3a61b5df-bc54-41ac-8c77-aea545e8704e None None] Running periodic task VolumeManager.publish_service_capabilities {{(pid=101250) run_periodic_tasks /opt/stack/data/venv/lib/python3.10/site-packages/oslo_service/periodic_task.py:210}}
Dec 05 10:25:30.133302 np0000045452 cinder-volume[101250]: WARNING cinder.volume.manager [None req-3a61b5df-bc54-41ac-8c77-aea545e8704e None None] Update driver status failed: (config name powerflex2) is uninitialized.
Dec 05 10:25:30.159574 np0000045452 cinder-volume[101249]: ERROR cinder.service [-] Manager for service cinder-volume np0000045452@powerflex1 is reporting problems, not sending heartbeat. Service will appear "down".
Dec 05 10:25:42.179055 np0000045452 cinder-volume[101249]: DEBUG oslo_service.periodic_task [None req-8ba042c5-9fa6-45fa-b840-eff853fd1e98 None None] Running periodic task VolumeManager.publish_service_capabilities {{(pid=101249) run_periodic_tasks /opt/stack/data/venv/lib/python3.10/site-packages/oslo_service/periodic_task.py:210}}
Dec 05 10:25:42.179055 np0000045452 cinder-volume[101249]: WARNING cinder.volume.manager [None req-8ba042c5-9fa6-45fa-b840-eff853fd1e98 None None] Update driver status failed: (config name powerflex1) is uninitialized.
Dec 05 10:26:42.182608 np0000045452 cinder-volume[101249]: DEBUG oslo_service.periodic_task [None req-8ba042c5-9fa6-45fa-b840-eff853fd1e98 None None] Running periodic task VolumeManager.publish_service_capabilities {{(pid=101249) run_periodic_tasks /opt/stack/data/venv/lib/python3.10/site-packages/oslo_service/periodic_task.py:210}}
Dec 05 10:26:42.182608 np0000045452 cinder-volume[101249]: WARNING cinder.volume.manager [None req-8ba042c5-9fa6-45fa-b840-eff853fd1e98 None None] Update driver status failed: (config name powerflex1) is uninitialized.
Dec 05 10:27:30.127240 np0000045452 cinder-volume[101250]: ERROR cinder.service [-] Manager for service cinder-volume np0000045452@powerflex2 is reporting problems, not sending heartbeat. Service will appear "down".
Dec 05 10:27:30.135982 np0000045452 cinder-volume[101250]: DEBUG oslo_service.periodic_task [None req-3a61b5df-bc54-41ac-8c77-aea545e8704e None None] Running periodic task VolumeManager.publish_service_capabilities {{(pid=101250) run_periodic_tasks /opt/stack/data/venv/lib/python3.10/site-packages/oslo_service/periodic_task.py:210}}
Dec 05 10:27:30.136053 np0000045452 cinder-volume[101250]: WARNING cinder.volume.manager [None req-3a61b5df-bc54-41ac-8c77-aea545e8704e None None] Update driver status failed: (config name powerflex2) is uninitialized.
Dec 05 10:27:30.162223 np0000045452 cinder-volume[101249]: ERROR cinder.service [-] Manager for service cinder-volume np0000045452@powerflex1 is reporting problems, not sending heartbeat. Service will appear "down".
Dec 05 10:27:42.184772 np0000045452 cinder-volume[101249]: DEBUG oslo_service.periodic_task [None req-8ba042c5-9fa6-45fa-b840-eff853fd1e98 None None] Running periodic task VolumeManager.publish_service_capabilities {{(pid=101249) run_periodic_tasks /opt/stack/data/venv/lib/python3.10/site-packages/oslo_service/periodic_task.py:210}}
Dec 05 10:27:42.185103 np0000045452 cinder-volume[101249]: WARNING cinder.volume.manager [None req-8ba042c5-9fa6-45fa-b840-eff853fd1e98 None None] Update driver status failed: (config name powerflex1) is uninitialized.
Dec 05 10:28:30.138041 np0000045452 cinder-volume[101250]: DEBUG oslo_service.periodic_task [None req-3a61b5df-bc54-41ac-8c77-aea545e8704e None None] Running periodic task VolumeManager.publish_service_capabilities {{(pid=101250) run_periodic_tasks /opt/stack/data/venv/lib/python3.10/site-packages/oslo_service/periodic_task.py:210}}
Dec 05 10:28:30.138041 np0000045452 cinder-volume[101250]: WARNING cinder.volume.manager [None req-3a61b5df-bc54-41ac-8c77-aea545e8704e None None] Update driver status failed: (config name powerflex2) is uninitialized.
Dec 05 10:28:42.189773 np0000045452 cinder-volume[101249]: DEBUG oslo_service.periodic_task [None req-8ba042c5-9fa6-45fa-b840-eff853fd1e98 None None] Running periodic task VolumeManager.publish_service_capabilities {{(pid=101249) run_periodic_tasks /opt/stack/data/venv/lib/python3.10/site-packages/oslo_service/periodic_task.py:210}}
Dec 05 10:28:42.190134 np0000045452 cinder-volume[101249]: WARNING cinder.volume.manager [None req-8ba042c5-9fa6-45fa-b840-eff853fd1e98 None None] Update driver status failed: (config name powerflex1) is uninitialized.
Dec 05 10:29:30.125351 np0000045452 cinder-volume[101250]: ERROR cinder.service [-] Manager for service cinder-volume np0000045452@powerflex2 is reporting problems, not sending heartbeat. Service will appear "down".
Dec 05 10:29:30.139267 np0000045452 cinder-volume[101250]: DEBUG oslo_service.periodic_task [None req-3a61b5df-bc54-41ac-8c77-aea545e8704e None None] Running periodic task VolumeManager.publish_service_capabilities {{(pid=101250) run_periodic_tasks /opt/stack/data/venv/lib/python3.10/site-packages/oslo_service/periodic_task.py:210}}
Dec 05 10:29:30.139422 np0000045452 cinder-volume[101250]: WARNING cinder.volume.manager [None req-3a61b5df-bc54-41ac-8c77-aea545e8704e None None] Update driver status failed: (config name powerflex2) is uninitialized.
Dec 05 10:29:30.168213 np0000045452 cinder-volume[101249]: ERROR cinder.service [-] Manager for service cinder-volume np0000045452@powerflex1 is reporting problems, not sending heartbeat. Service will appear "down".
Dec 05 10:29:42.193292 np0000045452 cinder-volume[101249]: DEBUG oslo_service.periodic_task [None req-8ba042c5-9fa6-45fa-b840-eff853fd1e98 None None] Running periodic task VolumeManager.publish_service_capabilities {{(pid=101249) run_periodic_tasks /opt/stack/data/venv/lib/python3.10/site-packages/oslo_service/periodic_task.py:210}}
Dec 05 10:29:42.193292 np0000045452 cinder-volume[101249]: WARNING cinder.volume.manager [None req-8ba042c5-9fa6-45fa-b840-eff853fd1e98 None None] Update driver status failed: (config name powerflex1) is uninitialized.
Dec 05 10:30:30.140963 np0000045452 cinder-volume[101250]: DEBUG oslo_service.periodic_task [None req-3a61b5df-bc54-41ac-8c77-aea545e8704e None None] Running periodic task VolumeManager.publish_service_capabilities {{(pid=101250) run_periodic_tasks /opt/stack/data/venv/lib/python3.10/site-packages/oslo_service/periodic_task.py:210}}
Dec 05 10:30:30.141655 np0000045452 cinder-volume[101250]: WARNING cinder.volume.manager [None req-3a61b5df-bc54-41ac-8c77-aea545e8704e None None] Update driver status failed: (config name powerflex2) is uninitialized.
Dec 05 10:30:42.196051 np0000045452 cinder-volume[101249]: DEBUG oslo_service.periodic_task [None req-8ba042c5-9fa6-45fa-b840-eff853fd1e98 None None] Running periodic task VolumeManager.publish_service_capabilities {{(pid=101249) run_periodic_tasks /opt/stack/data/venv/lib/python3.10/site-packages/oslo_service/periodic_task.py:210}}
Dec 05 10:30:42.196416 np0000045452 cinder-volume[101249]: WARNING cinder.volume.manager [None req-8ba042c5-9fa6-45fa-b840-eff853fd1e98 None None] Update driver status failed: (config name powerflex1) is uninitialized.
Dec 05 10:31:30.128615 np0000045452 cinder-volume[101250]: ERROR cinder.service [-] Manager for service cinder-volume np0000045452@powerflex2 is reporting problems, not sending heartbeat. Service will appear "down".
Dec 05 10:31:30.142277 np0000045452 cinder-volume[101250]: DEBUG oslo_service.periodic_task [None req-3a61b5df-bc54-41ac-8c77-aea545e8704e None None] Running periodic task VolumeManager.publish_service_capabilities {{(pid=101250) run_periodic_tasks /opt/stack/data/venv/lib/python3.10/site-packages/oslo_service/periodic_task.py:210}}
Dec 05 10:31:30.142473 np0000045452 cinder-volume[101250]: WARNING cinder.volume.manager [None req-3a61b5df-bc54-41ac-8c77-aea545e8704e None None] Update driver status failed: (config name powerflex2) is uninitialized.
Dec 05 10:31:30.168559 np0000045452 cinder-volume[101249]: ERROR cinder.service [-] Manager for service cinder-volume np0000045452@powerflex1 is reporting problems, not sending heartbeat. Service will appear "down".
Dec 05 10:31:42.200208 np0000045452 cinder-volume[101249]: DEBUG oslo_service.periodic_task [None req-8ba042c5-9fa6-45fa-b840-eff853fd1e98 None None] Running periodic task VolumeManager.publish_service_capabilities {{(pid=101249) run_periodic_tasks /opt/stack/data/venv/lib/python3.10/site-packages/oslo_service/periodic_task.py:210}}
Dec 05 10:31:42.200208 np0000045452 cinder-volume[101249]: WARNING cinder.volume.manager [None req-8ba042c5-9fa6-45fa-b840-eff853fd1e98 None None] Update driver status failed: (config name powerflex1) is uninitialized.
Dec 05 10:32:30.143536 np0000045452 cinder-volume[101250]: DEBUG oslo_service.periodic_task [None req-3a61b5df-bc54-41ac-8c77-aea545e8704e None None] Running periodic task VolumeManager.publish_service_capabilities {{(pid=101250) run_periodic_tasks /opt/stack/data/venv/lib/python3.10/site-packages/oslo_service/periodic_task.py:210}}
Dec 05 10:32:30.143819 np0000045452 cinder-volume[101250]: WARNING cinder.volume.manager [None req-3a61b5df-bc54-41ac-8c77-aea545e8704e None None] Update driver status failed: (config name powerflex2) is uninitialized.
Dec 05 10:32:42.204899 np0000045452 cinder-volume[101249]: DEBUG oslo_service.periodic_task [None req-8ba042c5-9fa6-45fa-b840-eff853fd1e98 None None] Running periodic task VolumeManager.publish_service_capabilities {{(pid=101249) run_periodic_tasks /opt/stack/data/venv/lib/python3.10/site-packages/oslo_service/periodic_task.py:210}}
Dec 05 10:32:42.204899 np0000045452 cinder-volume[101249]: WARNING cinder.volume.manager [None req-8ba042c5-9fa6-45fa-b840-eff853fd1e98 None None] Update driver status failed: (config name powerflex1) is uninitialized.
Dec 05 10:33:30.129416 np0000045452 cinder-volume[101250]: ERROR cinder.service [-] Manager for service cinder-volume np0000045452@powerflex2 is reporting problems, not sending heartbeat. Service will appear "down".
Dec 05 10:33:30.145142 np0000045452 cinder-volume[101250]: DEBUG oslo_service.periodic_task [None req-3a61b5df-bc54-41ac-8c77-aea545e8704e None None] Running periodic task VolumeManager.publish_service_capabilities {{(pid=101250) run_periodic_tasks /opt/stack/data/venv/lib/python3.10/site-packages/oslo_service/periodic_task.py:210}}
Dec 05 10:33:30.145142 np0000045452 cinder-volume[101250]: WARNING cinder.volume.manager [None req-3a61b5df-bc54-41ac-8c77-aea545e8704e None None] Update driver status failed: (config name powerflex2) is uninitialized.
Dec 05 10:33:30.169251 np0000045452 cinder-volume[101249]: ERROR cinder.service [-] Manager for service cinder-volume np0000045452@powerflex1 is reporting problems, not sending heartbeat. Service will appear "down".
Dec 05 10:33:42.208669 np0000045452 cinder-volume[101249]: DEBUG oslo_service.periodic_task [None req-8ba042c5-9fa6-45fa-b840-eff853fd1e98 None None] Running periodic task VolumeManager.publish_service_capabilities {{(pid=101249) run_periodic_tasks /opt/stack/data/venv/lib/python3.10/site-packages/oslo_service/periodic_task.py:210}}
Dec 05 10:33:42.209086 np0000045452 cinder-volume[101249]: WARNING cinder.volume.manager [None req-8ba042c5-9fa6-45fa-b840-eff853fd1e98 None None] Update driver status failed: (config name powerflex1) is uninitialized.
Dec 05 10:34:30.149156 np0000045452 cinder-volume[101250]: DEBUG oslo_service.periodic_task [None req-3a61b5df-bc54-41ac-8c77-aea545e8704e None None] Running periodic task VolumeManager.publish_service_capabilities {{(pid=101250) run_periodic_tasks /opt/stack/data/venv/lib/python3.10/site-packages/oslo_service/periodic_task.py:210}}
Dec 05 10:34:30.149156 np0000045452 cinder-volume[101250]: WARNING cinder.volume.manager [None req-3a61b5df-bc54-41ac-8c77-aea545e8704e None None] Update driver status failed: (config name powerflex2) is uninitialized.
Dec 05 10:34:42.212550 np0000045452 cinder-volume[101249]: DEBUG oslo_service.periodic_task [None req-8ba042c5-9fa6-45fa-b840-eff853fd1e98 None None] Running periodic task VolumeManager.publish_service_capabilities {{(pid=101249) run_periodic_tasks /opt/stack/data/venv/lib/python3.10/site-packages/oslo_service/periodic_task.py:210}}
Dec 05 10:34:42.212550 np0000045452 cinder-volume[101249]: WARNING cinder.volume.manager [None req-8ba042c5-9fa6-45fa-b840-eff853fd1e98 None None] Update driver status failed: (config name powerflex1) is uninitialized.
Dec 05 10:35:30.132107 np0000045452 cinder-volume[101250]: ERROR cinder.service [-] Manager for service cinder-volume np0000045452@powerflex2 is reporting problems, not sending heartbeat. Service will appear "down".
Dec 05 10:35:30.152739 np0000045452 cinder-volume[101250]: DEBUG oslo_service.periodic_task [None req-3a61b5df-bc54-41ac-8c77-aea545e8704e None None] Running periodic task VolumeManager.publish_service_capabilities {{(pid=101250) run_periodic_tasks /opt/stack/data/venv/lib/python3.10/site-packages/oslo_service/periodic_task.py:210}}
Dec 05 10:35:30.152902 np0000045452 cinder-volume[101250]: WARNING cinder.volume.manager [None req-3a61b5df-bc54-41ac-8c77-aea545e8704e None None] Update driver status failed: (config name powerflex2) is uninitialized.
Dec 05 10:35:30.170330 np0000045452 cinder-volume[101249]: ERROR cinder.service [-] Manager for service cinder-volume np0000045452@powerflex1 is reporting problems, not sending heartbeat. Service will appear "down".
Dec 05 10:35:42.214754 np0000045452 cinder-volume[101249]: DEBUG oslo_service.periodic_task [None req-8ba042c5-9fa6-45fa-b840-eff853fd1e98 None None] Running periodic task VolumeManager.publish_service_capabilities {{(pid=101249) run_periodic_tasks /opt/stack/data/venv/lib/python3.10/site-packages/oslo_service/periodic_task.py:210}}
Dec 05 10:35:42.214754 np0000045452 cinder-volume[101249]: WARNING cinder.volume.manager [None req-8ba042c5-9fa6-45fa-b840-eff853fd1e98 None None] Update driver status failed: (config name powerflex1) is uninitialized.
Dec 05 10:36:30.154529 np0000045452 cinder-volume[101250]: DEBUG oslo_service.periodic_task [None req-3a61b5df-bc54-41ac-8c77-aea545e8704e None None] Running periodic task VolumeManager.publish_service_capabilities {{(pid=101250) run_periodic_tasks /opt/stack/data/venv/lib/python3.10/site-packages/oslo_service/periodic_task.py:210}}
Dec 05 10:36:30.154826 np0000045452 cinder-volume[101250]: WARNING cinder.volume.manager [None req-3a61b5df-bc54-41ac-8c77-aea545e8704e None None] Update driver status failed: (config name powerflex2) is uninitialized.
Dec 05 10:36:42.217707 np0000045452 cinder-volume[101249]: DEBUG oslo_service.periodic_task [None req-8ba042c5-9fa6-45fa-b840-eff853fd1e98 None None] Running periodic task VolumeManager.publish_service_capabilities {{(pid=101249) run_periodic_tasks /opt/stack/data/venv/lib/python3.10/site-packages/oslo_service/periodic_task.py:210}}
Dec 05 10:36:42.217707 np0000045452 cinder-volume[101249]: WARNING cinder.volume.manager [None req-8ba042c5-9fa6-45fa-b840-eff853fd1e98 None None] Update driver status failed: (config name powerflex1) is uninitialized.
Dec 05 10:37:30.136767 np0000045452 cinder-volume[101250]: ERROR cinder.service [-] Manager for service cinder-volume np0000045452@powerflex2 is reporting problems, not sending heartbeat. Service will appear "down".
Dec 05 10:37:30.156034 np0000045452 cinder-volume[101250]: DEBUG oslo_service.periodic_task [None req-3a61b5df-bc54-41ac-8c77-aea545e8704e None None] Running periodic task VolumeManager.publish_service_capabilities {{(pid=101250) run_periodic_tasks /opt/stack/data/venv/lib/python3.10/site-packages/oslo_service/periodic_task.py:210}}
Dec 05 10:37:30.156034 np0000045452 cinder-volume[101250]: WARNING cinder.volume.manager [None req-3a61b5df-bc54-41ac-8c77-aea545e8704e None None] Update driver status failed: (config name powerflex2) is uninitialized.
Dec 05 10:37:30.173350 np0000045452 cinder-volume[101249]: ERROR cinder.service [-] Manager for service cinder-volume np0000045452@powerflex1 is reporting problems, not sending heartbeat. Service will appear "down".
Dec 05 10:37:42.223665 np0000045452 cinder-volume[101249]: DEBUG oslo_service.periodic_task [None req-8ba042c5-9fa6-45fa-b840-eff853fd1e98 None None] Running periodic task VolumeManager.publish_service_capabilities {{(pid=101249) run_periodic_tasks /opt/stack/data/venv/lib/python3.10/site-packages/oslo_service/periodic_task.py:210}}
Dec 05 10:37:42.224178 np0000045452 cinder-volume[101249]: WARNING cinder.volume.manager [None req-8ba042c5-9fa6-45fa-b840-eff853fd1e98 None None] Update driver status failed: (config name powerflex1) is uninitialized.
Dec 05 10:38:30.159475 np0000045452 cinder-volume[101250]: DEBUG oslo_service.periodic_task [None req-3a61b5df-bc54-41ac-8c77-aea545e8704e None None] Running periodic task VolumeManager.publish_service_capabilities {{(pid=101250) run_periodic_tasks /opt/stack/data/venv/lib/python3.10/site-packages/oslo_service/periodic_task.py:210}}
Dec 05 10:38:30.159475 np0000045452 cinder-volume[101250]: WARNING cinder.volume.manager [None req-3a61b5df-bc54-41ac-8c77-aea545e8704e None None] Update driver status failed: (config name powerflex2) is uninitialized.
Dec 05 10:39:30.141276 np0000045452 cinder-volume[101250]: ERROR cinder.service [-] Manager for service cinder-volume np0000045452@powerflex2 is reporting problems, not sending heartbeat. Service will appear "down".
Dec 05 10:39:30.161042 np0000045452 cinder-volume[101250]: DEBUG oslo_service.periodic_task [None req-3a61b5df-bc54-41ac-8c77-aea545e8704e None None] Running periodic task VolumeManager.publish_service_capabilities {{(pid=101250) run_periodic_tasks /opt/stack/data/venv/lib/python3.10/site-packages/oslo_service/periodic_task.py:210}}
Dec 05 10:39:30.161042 np0000045452 cinder-volume[101250]: WARNING cinder.volume.manager [None req-3a61b5df-bc54-41ac-8c77-aea545e8704e None None] Update driver status failed: (config name powerflex2) is uninitialized.
Dec 05 10:39:30.174222 np0000045452 cinder-volume[101249]: ERROR cinder.service [-] Manager for service cinder-volume np0000045452@powerflex1 is reporting problems, not sending heartbeat. Service will appear "down".
Dec 05 10:39:42.228968 np0000045452 cinder-volume[101249]: DEBUG oslo_service.periodic_task [None req-8ba042c5-9fa6-45fa-b840-eff853fd1e98 None None] Running periodic task VolumeManager.publish_service_capabilities {{(pid=101249) run_periodic_tasks /opt/stack/data/venv/lib/python3.10/site-packages/oslo_service/periodic_task.py:210}}
Dec 05 10:39:42.228968 np0000045452 cinder-volume[101249]: WARNING cinder.volume.manager [None req-8ba042c5-9fa6-45fa-b840-eff853fd1e98 None None] Update driver status failed: (config name powerflex1) is uninitialized.
Dec 05 10:40:30.161775 np0000045452 cinder-volume[101250]: DEBUG oslo_service.periodic_task [None req-3a61b5df-bc54-41ac-8c77-aea545e8704e None None] Running periodic task VolumeManager.publish_service_capabilities {{(pid=101250) run_periodic_tasks /opt/stack/data/venv/lib/python3.10/site-packages/oslo_service/periodic_task.py:210}}
Dec 05 10:40:30.162071 np0000045452 cinder-volume[101250]: WARNING cinder.volume.manager [None req-3a61b5df-bc54-41ac-8c77-aea545e8704e None None] Update driver status failed: (config name powerflex2) is uninitialized.
Dec 05 10:40:42.230651 np0000045452 cinder-volume[101249]: DEBUG oslo_service.periodic_task [None req-8ba042c5-9fa6-45fa-b840-eff853fd1e98 None None] Running periodic task VolumeManager.publish_service_capabilities {{(pid=101249) run_periodic_tasks /opt/stack/data/venv/lib/python3.10/site-packages/oslo_service/periodic_task.py:210}}
Dec 05 10:40:42.230947 np0000045452 cinder-volume[101249]: WARNING cinder.volume.manager [None req-8ba042c5-9fa6-45fa-b840-eff853fd1e98 None None] Update driver status failed: (config name powerflex1) is uninitialized.
Dec 05 10:41:30.144915 np0000045452 cinder-volume[101250]: ERROR cinder.service [-] Manager for service cinder-volume np0000045452@powerflex2 is reporting problems, not sending heartbeat. Service will appear "down".
Dec 05 10:41:30.167763 np0000045452 cinder-volume[101250]: DEBUG oslo_service.periodic_task [None req-3a61b5df-bc54-41ac-8c77-aea545e8704e None None] Running periodic task VolumeManager.publish_service_capabilities {{(pid=101250) run_periodic_tasks /opt/stack/data/venv/lib/python3.10/site-packages/oslo_service/periodic_task.py:210}}
Dec 05 10:41:30.167924 np0000045452 cinder-volume[101250]: WARNING cinder.volume.manager [None req-3a61b5df-bc54-41ac-8c77-aea545e8704e None None] Update driver status failed: (config name powerflex2) is uninitialized.
Dec 05 10:41:30.175972 np0000045452 cinder-volume[101249]: ERROR cinder.service [-] Manager for service cinder-volume np0000045452@powerflex1 is reporting problems, not sending heartbeat. Service will appear "down".
Dec 05 10:41:42.233541 np0000045452 cinder-volume[101249]: DEBUG oslo_service.periodic_task [None req-8ba042c5-9fa6-45fa-b840-eff853fd1e98 None None] Running periodic task VolumeManager.publish_service_capabilities {{(pid=101249) run_periodic_tasks /opt/stack/data/venv/lib/python3.10/site-packages/oslo_service/periodic_task.py:210}}
Dec 05 10:41:42.233541 np0000045452 cinder-volume[101249]: WARNING cinder.volume.manager [None req-8ba042c5-9fa6-45fa-b840-eff853fd1e98 None None] Update driver status failed: (config name powerflex1) is uninitialized.
Dec 05 10:42:30.169273 np0000045452 cinder-volume[101250]: DEBUG oslo_service.periodic_task [None req-3a61b5df-bc54-41ac-8c77-aea545e8704e None None] Running periodic task VolumeManager.publish_service_capabilities {{(pid=101250) run_periodic_tasks /opt/stack/data/venv/lib/python3.10/site-packages/oslo_service/periodic_task.py:210}}
Dec 05 10:42:30.169547 np0000045452 cinder-volume[101250]: WARNING cinder.volume.manager [None req-3a61b5df-bc54-41ac-8c77-aea545e8704e None None] Update driver status failed: (config name powerflex2) is uninitialized.
Dec 05 10:42:42.235917 np0000045452 cinder-volume[101249]: DEBUG oslo_service.periodic_task [None req-8ba042c5-9fa6-45fa-b840-eff853fd1e98 None None] Running periodic task VolumeManager.publish_service_capabilities {{(pid=101249) run_periodic_tasks /opt/stack/data/venv/lib/python3.10/site-packages/oslo_service/periodic_task.py:210}}
Dec 05 10:42:42.236262 np0000045452 cinder-volume[101249]: WARNING cinder.volume.manager [None req-8ba042c5-9fa6-45fa-b840-eff853fd1e98 None None] Update driver status failed: (config name powerflex1) is uninitialized.
Dec 05 10:43:30.150515 np0000045452 cinder-volume[101250]: ERROR cinder.service [-] Manager for service cinder-volume np0000045452@powerflex2 is reporting problems, not sending heartbeat. Service will appear "down".
Dec 05 10:43:30.171154 np0000045452 cinder-volume[101250]: DEBUG oslo_service.periodic_task [None req-3a61b5df-bc54-41ac-8c77-aea545e8704e None None] Running periodic task VolumeManager.publish_service_capabilities {{(pid=101250) run_periodic_tasks /opt/stack/data/venv/lib/python3.10/site-packages/oslo_service/periodic_task.py:210}}
Dec 05 10:43:30.171154 np0000045452 cinder-volume[101250]: WARNING cinder.volume.manager [None req-3a61b5df-bc54-41ac-8c77-aea545e8704e None None] Update driver status failed: (config name powerflex2) is uninitialized.
Dec 05 10:43:30.183055 np0000045452 cinder-volume[101249]: ERROR cinder.service [-] Manager for service cinder-volume np0000045452@powerflex1 is reporting problems, not sending heartbeat. Service will appear "down".
Dec 05 10:43:42.238270 np0000045452 cinder-volume[101249]: DEBUG oslo_service.periodic_task [None req-8ba042c5-9fa6-45fa-b840-eff853fd1e98 None None] Running periodic task VolumeManager.publish_service_capabilities {{(pid=101249) run_periodic_tasks /opt/stack/data/venv/lib/python3.10/site-packages/oslo_service/periodic_task.py:210}}
Dec 05 10:43:42.238561 np0000045452 cinder-volume[101249]: WARNING cinder.volume.manager [None req-8ba042c5-9fa6-45fa-b840-eff853fd1e98 None None] Update driver status failed: (config name powerflex1) is uninitialized.
Dec 05 10:44:30.173641 np0000045452 cinder-volume[101250]: DEBUG oslo_service.periodic_task [None req-3a61b5df-bc54-41ac-8c77-aea545e8704e None None] Running periodic task VolumeManager.publish_service_capabilities {{(pid=101250) run_periodic_tasks /opt/stack/data/venv/lib/python3.10/site-packages/oslo_service/periodic_task.py:210}}
Dec 05 10:44:30.173892 np0000045452 cinder-volume[101250]: WARNING cinder.volume.manager [None req-3a61b5df-bc54-41ac-8c77-aea545e8704e None None] Update driver status failed: (config name powerflex2) is uninitialized.
Dec 05 10:44:42.241877 np0000045452 cinder-volume[101249]: DEBUG oslo_service.periodic_task [None req-8ba042c5-9fa6-45fa-b840-eff853fd1e98 None None] Running periodic task VolumeManager.publish_service_capabilities {{(pid=101249) run_periodic_tasks /opt/stack/data/venv/lib/python3.10/site-packages/oslo_service/periodic_task.py:210}}
Dec 05 10:44:42.241877 np0000045452 cinder-volume[101249]: WARNING cinder.volume.manager [None req-8ba042c5-9fa6-45fa-b840-eff853fd1e98 None None] Update driver status failed: (config name powerflex1) is uninitialized.
Dec 05 10:45:30.155287 np0000045452 cinder-volume[101250]: ERROR cinder.service [-] Manager for service cinder-volume np0000045452@powerflex2 is reporting problems, not sending heartbeat. Service will appear "down".
Dec 05 10:45:30.175462 np0000045452 cinder-volume[101250]: DEBUG oslo_service.periodic_task [None req-3a61b5df-bc54-41ac-8c77-aea545e8704e None None] Running periodic task VolumeManager.publish_service_capabilities {{(pid=101250) run_periodic_tasks /opt/stack/data/venv/lib/python3.10/site-packages/oslo_service/periodic_task.py:210}}
Dec 05 10:45:30.175626 np0000045452 cinder-volume[101250]: WARNING cinder.volume.manager [None req-3a61b5df-bc54-41ac-8c77-aea545e8704e None None] Update driver status failed: (config name powerflex2) is uninitialized.
Dec 05 10:45:30.186074 np0000045452 cinder-volume[101249]: ERROR cinder.service [-] Manager for service cinder-volume np0000045452@powerflex1 is reporting problems, not sending heartbeat. Service will appear "down".
Dec 05 10:45:42.244641 np0000045452 cinder-volume[101249]: DEBUG oslo_service.periodic_task [None req-8ba042c5-9fa6-45fa-b840-eff853fd1e98 None None] Running periodic task VolumeManager.publish_service_capabilities {{(pid=101249) run_periodic_tasks /opt/stack/data/venv/lib/python3.10/site-packages/oslo_service/periodic_task.py:210}}
Dec 05 10:45:42.245001 np0000045452 cinder-volume[101249]: WARNING cinder.volume.manager [None req-8ba042c5-9fa6-45fa-b840-eff853fd1e98 None None] Update driver status failed: (config name powerflex1) is uninitialized.
Dec 05 10:46:30.176406 np0000045452 cinder-volume[101250]: DEBUG oslo_service.periodic_task [None req-3a61b5df-bc54-41ac-8c77-aea545e8704e None None] Running periodic task VolumeManager.publish_service_capabilities {{(pid=101250) run_periodic_tasks /opt/stack/data/venv/lib/python3.10/site-packages/oslo_service/periodic_task.py:210}}
Dec 05 10:46:30.177213 np0000045452 cinder-volume[101250]: WARNING cinder.volume.manager [None req-3a61b5df-bc54-41ac-8c77-aea545e8704e None None] Update driver status failed: (config name powerflex2) is uninitialized.
Dec 05 10:46:42.248631 np0000045452 cinder-volume[101249]: DEBUG oslo_service.periodic_task [None req-8ba042c5-9fa6-45fa-b840-eff853fd1e98 None None] Running periodic task VolumeManager.publish_service_capabilities {{(pid=101249) run_periodic_tasks /opt/stack/data/venv/lib/python3.10/site-packages/oslo_service/periodic_task.py:210}}
Dec 05 10:46:42.248950 np0000045452 cinder-volume[101249]: WARNING cinder.volume.manager [None req-8ba042c5-9fa6-45fa-b840-eff853fd1e98 None None] Update driver status failed: (config name powerflex1) is uninitialized.
Dec 05 10:47:30.160697 np0000045452 cinder-volume[101250]: ERROR cinder.service [-] Manager for service cinder-volume np0000045452@powerflex2 is reporting problems, not sending heartbeat. Service will appear "down".
Dec 05 10:47:30.179971 np0000045452 cinder-volume[101250]: DEBUG oslo_service.periodic_task [None req-3a61b5df-bc54-41ac-8c77-aea545e8704e None None] Running periodic task VolumeManager.publish_service_capabilities {{(pid=101250) run_periodic_tasks /opt/stack/data/venv/lib/python3.10/site-packages/oslo_service/periodic_task.py:210}}
Dec 05 10:47:30.180112 np0000045452 cinder-volume[101250]: WARNING cinder.volume.manager [None req-3a61b5df-bc54-41ac-8c77-aea545e8704e None None] Update driver status failed: (config name powerflex2) is uninitialized.
Dec 05 10:47:30.188662 np0000045452 cinder-volume[101249]: ERROR cinder.service [-] Manager for service cinder-volume np0000045452@powerflex1 is reporting problems, not sending heartbeat. Service will appear "down".
Dec 05 10:47:42.252882 np0000045452 cinder-volume[101249]: DEBUG oslo_service.periodic_task [None req-8ba042c5-9fa6-45fa-b840-eff853fd1e98 None None] Running periodic task VolumeManager.publish_service_capabilities {{(pid=101249) run_periodic_tasks /opt/stack/data/venv/lib/python3.10/site-packages/oslo_service/periodic_task.py:210}}
Dec 05 10:47:42.253861 np0000045452 cinder-volume[101249]: WARNING cinder.volume.manager [None req-8ba042c5-9fa6-45fa-b840-eff853fd1e98 None None] Update driver status failed: (config name powerflex1) is uninitialized.
Dec 05 10:48:30.185878 np0000045452 cinder-volume[101250]: DEBUG oslo_service.periodic_task [None req-3a61b5df-bc54-41ac-8c77-aea545e8704e None None] Running periodic task VolumeManager.publish_service_capabilities {{(pid=101250) run_periodic_tasks /opt/stack/data/venv/lib/python3.10/site-packages/oslo_service/periodic_task.py:210}}
Dec 05 10:48:30.186175 np0000045452 cinder-volume[101250]: WARNING cinder.volume.manager [None req-3a61b5df-bc54-41ac-8c77-aea545e8704e None None] Update driver status failed: (config name powerflex2) is uninitialized.
Dec 05 10:48:42.256645 np0000045452 cinder-volume[101249]: DEBUG oslo_service.periodic_task [None req-8ba042c5-9fa6-45fa-b840-eff853fd1e98 None None] Running periodic task VolumeManager.publish_service_capabilities {{(pid=101249) run_periodic_tasks /opt/stack/data/venv/lib/python3.10/site-packages/oslo_service/periodic_task.py:210}}
Dec 05 10:48:42.256955 np0000045452 cinder-volume[101249]: WARNING cinder.volume.manager [None req-8ba042c5-9fa6-45fa-b840-eff853fd1e98 None None] Update driver status failed: (config name powerflex1) is uninitialized.
Dec 05 10:49:30.164534 np0000045452 cinder-volume[101250]: ERROR cinder.service [-] Manager for service cinder-volume np0000045452@powerflex2 is reporting problems, not sending heartbeat. Service will appear "down".
Dec 05 10:49:30.188679 np0000045452 cinder-volume[101250]: DEBUG oslo_service.periodic_task [None req-3a61b5df-bc54-41ac-8c77-aea545e8704e None None] Running periodic task VolumeManager.publish_service_capabilities {{(pid=101250) run_periodic_tasks /opt/stack/data/venv/lib/python3.10/site-packages/oslo_service/periodic_task.py:210}}
Dec 05 10:49:30.188836 np0000045452 cinder-volume[101250]: WARNING cinder.volume.manager [None req-3a61b5df-bc54-41ac-8c77-aea545e8704e None None] Update driver status failed: (config name powerflex2) is uninitialized.
Dec 05 10:49:30.193093 np0000045452 cinder-volume[101249]: ERROR cinder.service [-] Manager for service cinder-volume np0000045452@powerflex1 is reporting problems, not sending heartbeat. Service will appear "down".
Dec 05 10:49:42.258920 np0000045452 cinder-volume[101249]: DEBUG oslo_service.periodic_task [None req-8ba042c5-9fa6-45fa-b840-eff853fd1e98 None None] Running periodic task VolumeManager.publish_service_capabilities {{(pid=101249) run_periodic_tasks /opt/stack/data/venv/lib/python3.10/site-packages/oslo_service/periodic_task.py:210}}
Dec 05 10:49:42.259271 np0000045452 cinder-volume[101249]: WARNING cinder.volume.manager [None req-8ba042c5-9fa6-45fa-b840-eff853fd1e98 None None] Update driver status failed: (config name powerflex1) is uninitialized.
Dec 05 10:50:30.194006 np0000045452 cinder-volume[101250]: DEBUG oslo_service.periodic_task [None req-3a61b5df-bc54-41ac-8c77-aea545e8704e None None] Running periodic task VolumeManager.publish_service_capabilities {{(pid=101250) run_periodic_tasks /opt/stack/data/venv/lib/python3.10/site-packages/oslo_service/periodic_task.py:210}}
Dec 05 10:50:30.194328 np0000045452 cinder-volume[101250]: WARNING cinder.volume.manager [None req-3a61b5df-bc54-41ac-8c77-aea545e8704e None None] Update driver status failed: (config name powerflex2) is uninitialized.
Dec 05 10:50:42.260889 np0000045452 cinder-volume[101249]: DEBUG oslo_service.periodic_task [None req-8ba042c5-9fa6-45fa-b840-eff853fd1e98 None None] Running periodic task VolumeManager.publish_service_capabilities {{(pid=101249) run_periodic_tasks /opt/stack/data/venv/lib/python3.10/site-packages/oslo_service/periodic_task.py:210}}
Dec 05 10:50:42.261112 np0000045452 cinder-volume[101249]: WARNING cinder.volume.manager [None req-8ba042c5-9fa6-45fa-b840-eff853fd1e98 None None] Update driver status failed: (config name powerflex1) is uninitialized.
Dec 05 10:51:30.169180 np0000045452 cinder-volume[101250]: ERROR cinder.service [-] Manager for service cinder-volume np0000045452@powerflex2 is reporting problems, not sending heartbeat. Service will appear "down".
Dec 05 10:51:30.195028 np0000045452 cinder-volume[101250]: DEBUG oslo_service.periodic_task [None req-3a61b5df-bc54-41ac-8c77-aea545e8704e None None] Running periodic task VolumeManager.publish_service_capabilities {{(pid=101250) run_periodic_tasks /opt/stack/data/venv/lib/python3.10/site-packages/oslo_service/periodic_task.py:210}}
Dec 05 10:51:30.195336 np0000045452 cinder-volume[101250]: WARNING cinder.volume.manager [None req-3a61b5df-bc54-41ac-8c77-aea545e8704e None None] Update driver status failed: (config name powerflex2) is uninitialized.
Dec 05 10:51:30.198441 np0000045452 cinder-volume[101249]: ERROR cinder.service [-] Manager for service cinder-volume np0000045452@powerflex1 is reporting problems, not sending heartbeat. Service will appear "down".
Dec 05 10:51:42.264508 np0000045452 cinder-volume[101249]: DEBUG oslo_service.periodic_task [None req-8ba042c5-9fa6-45fa-b840-eff853fd1e98 None None] Running periodic task VolumeManager.publish_service_capabilities {{(pid=101249) run_periodic_tasks /opt/stack/data/venv/lib/python3.10/site-packages/oslo_service/periodic_task.py:210}}
Dec 05 10:51:42.264807 np0000045452 cinder-volume[101249]: WARNING cinder.volume.manager [None req-8ba042c5-9fa6-45fa-b840-eff853fd1e98 None None] Update driver status failed: (config name powerflex1) is uninitialized.
Dec 05 10:52:30.200992 np0000045452 cinder-volume[101250]: DEBUG oslo_service.periodic_task [None req-3a61b5df-bc54-41ac-8c77-aea545e8704e None None] Running periodic task VolumeManager.publish_service_capabilities {{(pid=101250) run_periodic_tasks /opt/stack/data/venv/lib/python3.10/site-packages/oslo_service/periodic_task.py:210}}
Dec 05 10:52:30.200992 np0000045452 cinder-volume[101250]: WARNING cinder.volume.manager [None req-3a61b5df-bc54-41ac-8c77-aea545e8704e None None] Update driver status failed: (config name powerflex2) is uninitialized.
Dec 05 10:52:42.267900 np0000045452 cinder-volume[101249]: DEBUG oslo_service.periodic_task [None req-8ba042c5-9fa6-45fa-b840-eff853fd1e98 None None] Running periodic task VolumeManager.publish_service_capabilities {{(pid=101249) run_periodic_tasks /opt/stack/data/venv/lib/python3.10/site-packages/oslo_service/periodic_task.py:210}}
Dec 05 10:52:42.267900 np0000045452 cinder-volume[101249]: WARNING cinder.volume.manager [None req-8ba042c5-9fa6-45fa-b840-eff853fd1e98 None None] Update driver status failed: (config name powerflex1) is uninitialized.
Dec 05 10:53:30.173925 np0000045452 cinder-volume[101250]: ERROR cinder.service [-] Manager for service cinder-volume np0000045452@powerflex2 is reporting problems, not sending heartbeat. Service will appear "down".
Dec 05 10:53:30.201519 np0000045452 cinder-volume[101250]: DEBUG oslo_service.periodic_task [None req-3a61b5df-bc54-41ac-8c77-aea545e8704e None None] Running periodic task VolumeManager.publish_service_capabilities {{(pid=101250) run_periodic_tasks /opt/stack/data/venv/lib/python3.10/site-packages/oslo_service/periodic_task.py:210}}
Dec 05 10:53:30.201655 np0000045452 cinder-volume[101250]: WARNING cinder.volume.manager [None req-3a61b5df-bc54-41ac-8c77-aea545e8704e None None] Update driver status failed: (config name powerflex2) is uninitialized.
Dec 05 10:53:30.205640 np0000045452 cinder-volume[101249]: ERROR cinder.service [-] Manager for service cinder-volume np0000045452@powerflex1 is reporting problems, not sending heartbeat. Service will appear "down".
Dec 05 10:53:42.271386 np0000045452 cinder-volume[101249]: DEBUG oslo_service.periodic_task [None req-8ba042c5-9fa6-45fa-b840-eff853fd1e98 None None] Running periodic task VolumeManager.publish_service_capabilities {{(pid=101249) run_periodic_tasks /opt/stack/data/venv/lib/python3.10/site-packages/oslo_service/periodic_task.py:210}}
