Nov 26 10:52:44.405143 np0000045433 devstack@m-api.service[99839]: INFO manila.api.openstack.wsgi [None req-21bbf4f0-c2ef-4677-b782-810355a013fe tempest-AdminActionsNegativeTest-905443190 tempest-AdminActionsNegativeTest-905443190-project-member] GET https://10.19.119.126/share/v2/2f8c77389eec43a98438512dd450d583/shares/44b51e8e-a3b0-4fc5-88d4-863b050ab208/instances
Nov 26 10:52:44.405755 np0000045433 devstack@m-api.service[99839]: DEBUG manila.api.openstack.wsgi [None req-21bbf4f0-c2ef-4677-b782-810355a013fe tempest-AdminActionsNegativeTest-905443190 tempest-AdminActionsNegativeTest-905443190-project-member] Empty body provided in request {{(pid=99839) get_body /opt/stack/manila/manila/api/openstack/wsgi.py:652}}
Nov 26 10:52:44.406224 np0000045433 devstack@m-api.service[99839]: DEBUG manila.api.openstack.wsgi [None req-21bbf4f0-c2ef-4677-b782-810355a013fe tempest-AdminActionsNegativeTest-905443190 tempest-AdminActionsNegativeTest-905443190-project-member] Calling method 'Controller.__getattribute__.<locals>.version_select' {{(pid=99839) _process_stack /opt/stack/manila/manila/api/openstack/wsgi.py:798}}
Nov 26 10:52:44.407442 np0000045433 devstack@m-api.service[99839]: DEBUG manila.policy [None req-21bbf4f0-c2ef-4677-b782-810355a013fe tempest-AdminActionsNegativeTest-905443190 tempest-AdminActionsNegativeTest-905443190-project-member] Policy check for share_instance:index failed with credentials {'is_admin': False, 'user_id': 'bdccb66a52a947a1a478e62019ca4837', 'user_domain_id': 'default', 'system_scope': None, 'domain_id': None, 'project_id': '2f8c77389eec43a98438512dd450d583', 'project_domain_id': 'default', 'roles': ['member', 'reader'], 'is_admin_project': True, 'service_user_id': None, 'service_user_domain_id': None, 'service_project_id': None, 'service_project_domain_id': None, 'service_roles': []} {{(pid=99839) authorize /opt/stack/manila/manila/policy.py:200}}
Nov 26 10:52:44.407913 np0000045433 devstack@m-api.service[99839]: INFO manila.api.openstack.wsgi [None req-21bbf4f0-c2ef-4677-b782-810355a013fe tempest-AdminActionsNegativeTest-905443190 tempest-AdminActionsNegativeTest-905443190-project-member] HTTP exception thrown: Access was denied to this resource.
Nov 26 10:52:44.408299 np0000045433 devstack@m-api.service[99839]: INFO manila.api.openstack.wsgi [None req-21bbf4f0-c2ef-4677-b782-810355a013fe tempest-AdminActionsNegativeTest-905443190 tempest-AdminActionsNegativeTest-905443190-project-member] https://10.19.119.126/share/v2/2f8c77389eec43a98438512dd450d583/shares/44b51e8e-a3b0-4fc5-88d4-863b050ab208/instances returned with HTTP 403
Nov 26 10:52:44.409371 np0000045433 devstack@m-api.service[99839]: [pid: 99839|app: 0|req: 27/53] 10.19.119.126 () {68 vars in 1539 bytes} [Wed Nov 26 10:52:44 2025] GET /share/v2/2f8c77389eec43a98438512dd450d583/shares/44b51e8e-a3b0-4fc5-88d4-863b050ab208/instances => generated 78 bytes in 7 msecs (HTTP/1.1 403) 7 headers in 303 bytes (1 switches on core 0)
Nov 26 10:52:44.437292 np0000045433 devstack@m-api.service[99838]: INFO manila.api.openstack.wsgi [None req-b86b5201-e764-4747-ad3c-cb2c717d182c tempest-AdminActionsNegativeTest-905443190 tempest-AdminActionsNegativeTest-905443190-project-member] GET https://10.19.119.126/share/v2/2f8c77389eec43a98438512dd450d583/share_instances/07caa646-15a0-42da-8359-964727bf80a7
Nov 26 10:52:44.437626 np0000045433 devstack@m-api.service[99838]: DEBUG manila.api.openstack.wsgi [None req-b86b5201-e764-4747-ad3c-cb2c717d182c tempest-AdminActionsNegativeTest-905443190 tempest-AdminActionsNegativeTest-905443190-project-member] Empty body provided in request {{(pid=99838) get_body /opt/stack/manila/manila/api/openstack/wsgi.py:652}}
Nov 26 10:52:44.438109 np0000045433 devstack@m-api.service[99838]: DEBUG manila.api.openstack.wsgi [None req-b86b5201-e764-4747-ad3c-cb2c717d182c tempest-AdminActionsNegativeTest-905443190 tempest-AdminActionsNegativeTest-905443190-project-member] Calling method 'Controller.__getattribute__.<locals>.version_select' {{(pid=99838) _process_stack /opt/stack/manila/manila/api/openstack/wsgi.py:798}}
Nov 26 10:52:44.439286 np0000045433 devstack@m-api.service[99838]: DEBUG manila.policy [None req-b86b5201-e764-4747-ad3c-cb2c717d182c tempest-AdminActionsNegativeTest-905443190 tempest-AdminActionsNegativeTest-905443190-project-member] Policy check for share_instance:show failed with credentials {'is_admin': False, 'user_id': 'bdccb66a52a947a1a478e62019ca4837', 'user_domain_id': 'default', 'system_scope': None, 'domain_id': None, 'project_id': '2f8c77389eec43a98438512dd450d583', 'project_domain_id': 'default', 'roles': ['member', 'reader'], 'is_admin_project': True, 'service_user_id': None, 'service_user_domain_id': None, 'service_project_id': None, 'service_project_domain_id': None, 'service_roles': []} {{(pid=99838) authorize /opt/stack/manila/manila/policy.py:200}}
Nov 26 10:52:44.439594 np0000045433 devstack@m-api.service[99838]: INFO manila.api.openstack.wsgi [None req-b86b5201-e764-4747-ad3c-cb2c717d182c tempest-AdminActionsNegativeTest-905443190 tempest-AdminActionsNegativeTest-905443190-project-member] HTTP exception thrown: Access was denied to this resource.
Nov 26 10:52:44.439790 np0000045433 devstack@m-api.service[99838]: INFO manila.api.openstack.wsgi [None req-b86b5201-e764-4747-ad3c-cb2c717d182c tempest-AdminActionsNegativeTest-905443190 tempest-AdminActionsNegativeTest-905443190-project-member] https://10.19.119.126/share/v2/2f8c77389eec43a98438512dd450d583/share_instances/07caa646-15a0-42da-8359-964727bf80a7 returned with HTTP 403
Nov 26 10:52:44.440661 np0000045433 devstack@m-api.service[99838]: [pid: 99838|app: 0|req: 27/54] 10.19.119.126 () {68 vars in 1536 bytes} [Wed Nov 26 10:52:44 2025] GET /share/v2/2f8c77389eec43a98438512dd450d583/share_instances/07caa646-15a0-42da-8359-964727bf80a7 => generated 78 bytes in 12 msecs (HTTP/1.1 403) 7 headers in 303 bytes (1 switches on core 0)
Nov 26 10:52:44.462487 np0000045433 devstack@m-api.service[99839]: INFO manila.api.openstack.wsgi [None req-b0126d80-f5b2-4853-8928-9b6efdddcc4e tempest-AdminActionsNegativeTest-905443190 tempest-AdminActionsNegativeTest-905443190-project-member] POST https://10.19.119.126/share/v2/2f8c77389eec43a98438512dd450d583/share_instances/07caa646-15a0-42da-8359-964727bf80a7/action
Nov 26 10:52:44.463125 np0000045433 devstack@m-api.service[99839]: DEBUG manila.api.openstack.wsgi [None req-b0126d80-f5b2-4853-8928-9b6efdddcc4e tempest-AdminActionsNegativeTest-905443190 tempest-AdminActionsNegativeTest-905443190-project-member] Action body: b'{"reset_status": {"status": "error"}}' {{(pid=99839) get_method /opt/stack/manila/manila/api/openstack/wsgi.py:912}}
Nov 26 10:52:44.463569 np0000045433 devstack@m-api.service[99839]: DEBUG manila.api.openstack.wsgi [None req-b0126d80-f5b2-4853-8928-9b6efdddcc4e tempest-AdminActionsNegativeTest-905443190 tempest-AdminActionsNegativeTest-905443190-project-member] Action: 'action', calling method: Controller.__getattribute__.<locals>.version_select, body: {"reset_status": {"status": "error"}} {{(pid=99839) _process_stack /opt/stack/manila/manila/api/openstack/wsgi.py:796}}
Nov 26 10:52:44.464601 np0000045433 devstack@m-api.service[99839]: DEBUG manila.policy [None req-b0126d80-f5b2-4853-8928-9b6efdddcc4e tempest-AdminActionsNegativeTest-905443190 tempest-AdminActionsNegativeTest-905443190-project-member] Policy check for share_instance:reset_status failed with credentials {'is_admin': False, 'user_id': 'bdccb66a52a947a1a478e62019ca4837', 'user_domain_id': 'default', 'system_scope': None, 'domain_id': None, 'project_id': '2f8c77389eec43a98438512dd450d583', 'project_domain_id': 'default', 'roles': ['member', 'reader'], 'is_admin_project': True, 'service_user_id': None, 'service_user_domain_id': None, 'service_project_id': None, 'service_project_domain_id': None, 'service_roles': []} {{(pid=99839) authorize /opt/stack/manila/manila/policy.py:200}}
Nov 26 10:52:44.464888 np0000045433 devstack@m-api.service[99839]: INFO manila.api.openstack.wsgi [None req-b0126d80-f5b2-4853-8928-9b6efdddcc4e tempest-AdminActionsNegativeTest-905443190 tempest-AdminActionsNegativeTest-905443190-project-member] HTTP exception thrown: Access was denied to this resource.
Nov 26 10:52:44.465131 np0000045433 devstack@m-api.service[99839]: INFO manila.api.openstack.wsgi [None req-b0126d80-f5b2-4853-8928-9b6efdddcc4e tempest-AdminActionsNegativeTest-905443190 tempest-AdminActionsNegativeTest-905443190-project-member] https://10.19.119.126/share/v2/2f8c77389eec43a98438512dd450d583/share_instances/07caa646-15a0-42da-8359-964727bf80a7/action returned with HTTP 403
Nov 26 10:52:44.466007 np0000045433 devstack@m-api.service[99839]: [pid: 99839|app: 0|req: 28/55] 10.19.119.126 () {70 vars in 1578 bytes} [Wed Nov 26 10:52:44 2025] POST /share/v2/2f8c77389eec43a98438512dd450d583/share_instances/07caa646-15a0-42da-8359-964727bf80a7/action => generated 78 bytes in 10 msecs (HTTP/1.1 403) 7 headers in 303 bytes (1 switches on core 0)
Nov 26 10:52:44.484293 np0000045433 devstack@m-api.service[99838]: INFO manila.api.openstack.wsgi [None req-0584ec02-b9ee-4aaa-9f67-e938a632488f tempest-AdminActionsNegativeTest-905443190 tempest-AdminActionsNegativeTest-905443190-project-member] POST https://10.19.119.126/share/v2/2f8c77389eec43a98438512dd450d583/shares/44b51e8e-a3b0-4fc5-88d4-863b050ab208/action
Nov 26 10:52:44.484632 np0000045433 devstack@m-api.service[99838]: DEBUG manila.api.openstack.wsgi [None req-0584ec02-b9ee-4aaa-9f67-e938a632488f tempest-AdminActionsNegativeTest-905443190 tempest-AdminActionsNegativeTest-905443190-project-member] Action body: b'{"reset_status": {"status": "error"}}' {{(pid=99838) get_method /opt/stack/manila/manila/api/openstack/wsgi.py:912}}
Nov 26 10:52:44.484758 np0000045433 devstack@m-api.service[99838]: DEBUG manila.api.openstack.wsgi [None req-0584ec02-b9ee-4aaa-9f67-e938a632488f tempest-AdminActionsNegativeTest-905443190 tempest-AdminActionsNegativeTest-905443190-project-member] Action: 'action', calling method: Controller.__getattribute__.<locals>.version_select, body: {"reset_status": {"status": "error"}} {{(pid=99838) _process_stack /opt/stack/manila/manila/api/openstack/wsgi.py:796}}
Nov 26 10:52:44.485404 np0000045433 devstack@m-api.service[99838]: DEBUG manila.policy [None req-0584ec02-b9ee-4aaa-9f67-e938a632488f tempest-AdminActionsNegativeTest-905443190 tempest-AdminActionsNegativeTest-905443190-project-member] Policy check for share:reset_status failed with credentials {'is_admin': False, 'user_id': 'bdccb66a52a947a1a478e62019ca4837', 'user_domain_id': 'default', 'system_scope': None, 'domain_id': None, 'project_id': '2f8c77389eec43a98438512dd450d583', 'project_domain_id': 'default', 'roles': ['member', 'reader'], 'is_admin_project': True, 'service_user_id': None, 'service_user_domain_id': None, 'service_project_id': None, 'service_project_domain_id': None, 'service_roles': []} {{(pid=99838) authorize /opt/stack/manila/manila/policy.py:200}}
Nov 26 10:52:44.485593 np0000045433 devstack@m-api.service[99838]: INFO manila.api.openstack.wsgi [None req-0584ec02-b9ee-4aaa-9f67-e938a632488f tempest-AdminActionsNegativeTest-905443190 tempest-AdminActionsNegativeTest-905443190-project-member] HTTP exception thrown: Access was denied to this resource.
Nov 26 10:52:44.485752 np0000045433 devstack@m-api.service[99838]: INFO manila.api.openstack.wsgi [None req-0584ec02-b9ee-4aaa-9f67-e938a632488f tempest-AdminActionsNegativeTest-905443190 tempest-AdminActionsNegativeTest-905443190-project-member] https://10.19.119.126/share/v2/2f8c77389eec43a98438512dd450d583/shares/44b51e8e-a3b0-4fc5-88d4-863b050ab208/action returned with HTTP 403
Nov 26 10:52:44.486395 np0000045433 devstack@m-api.service[99838]: [pid: 99838|app: 0|req: 28/56] 10.19.119.126 () {70 vars in 1551 bytes} [Wed Nov 26 10:52:44 2025] POST /share/v2/2f8c77389eec43a98438512dd450d583/shares/44b51e8e-a3b0-4fc5-88d4-863b050ab208/action => generated 78 bytes in 4 msecs (HTTP/1.1 403) 7 headers in 303 bytes (1 switches on core 0)
Nov 26 10:52:44.506599 np0000045433 devstack@m-api.service[99839]: INFO manila.api.openstack.wsgi [None req-ff58240a-9bcb-4734-8616-3a91c15daa6d tempest-AdminActionsNegativeTest-905443190 tempest-AdminActionsNegativeTest-905443190-project-member] POST https://10.19.119.126/share/v2/2f8c77389eec43a98438512dd450d583/snapshots/a2122b8c-5cf1-423b-a631-2d621a4660c2/action
Nov 26 10:52:44.507378 np0000045433 devstack@m-api.service[99839]: DEBUG manila.api.openstack.wsgi [None req-ff58240a-9bcb-4734-8616-3a91c15daa6d tempest-AdminActionsNegativeTest-905443190 tempest-AdminActionsNegativeTest-905443190-project-member] Action body: b'{"reset_status": {"status": "error"}}' {{(pid=99839) get_method /opt/stack/manila/manila/api/openstack/wsgi.py:912}}
Nov 26 10:52:44.507800 np0000045433 devstack@m-api.service[99839]: DEBUG manila.api.openstack.wsgi [None req-ff58240a-9bcb-4734-8616-3a91c15daa6d tempest-AdminActionsNegativeTest-905443190 tempest-AdminActionsNegativeTest-905443190-project-member] Action: 'action', calling method: Controller.__getattribute__.<locals>.version_select, body: {"reset_status": {"status": "error"}} {{(pid=99839) _process_stack /opt/stack/manila/manila/api/openstack/wsgi.py:796}}
Nov 26 10:52:44.509306 np0000045433 devstack@m-api.service[99839]: DEBUG manila.policy [None req-ff58240a-9bcb-4734-8616-3a91c15daa6d tempest-AdminActionsNegativeTest-905443190 tempest-AdminActionsNegativeTest-905443190-project-member] Policy check for share_snapshot:reset_status failed with credentials {'is_admin': False, 'user_id': 'bdccb66a52a947a1a478e62019ca4837', 'user_domain_id': 'default', 'system_scope': None, 'domain_id': None, 'project_id': '2f8c77389eec43a98438512dd450d583', 'project_domain_id': 'default', 'roles': ['member', 'reader'], 'is_admin_project': True, 'service_user_id': None, 'service_user_domain_id': None, 'service_project_id': None, 'service_project_domain_id': None, 'service_roles': []} {{(pid=99839) authorize /opt/stack/manila/manila/policy.py:200}}
Nov 26 10:52:44.509833 np0000045433 devstack@m-api.service[99839]: INFO manila.api.openstack.wsgi [None req-ff58240a-9bcb-4734-8616-3a91c15daa6d tempest-AdminActionsNegativeTest-905443190 tempest-AdminActionsNegativeTest-905443190-project-member] HTTP exception thrown: Access was denied to this resource.
Nov 26 10:52:44.510188 np0000045433 devstack@m-api.service[99839]: INFO manila.api.openstack.wsgi [None req-ff58240a-9bcb-4734-8616-3a91c15daa6d tempest-AdminActionsNegativeTest-905443190 tempest-AdminActionsNegativeTest-905443190-project-member] https://10.19.119.126/share/v2/2f8c77389eec43a98438512dd450d583/snapshots/a2122b8c-5cf1-423b-a631-2d621a4660c2/action returned with HTTP 403
Nov 26 10:52:44.511046 np0000045433 devstack@m-api.service[99839]: [pid: 99839|app: 0|req: 29/57] 10.19.119.126 () {70 vars in 1560 bytes} [Wed Nov 26 10:52:44 2025] POST /share/v2/2f8c77389eec43a98438512dd450d583/snapshots/a2122b8c-5cf1-423b-a631-2d621a4660c2/action => generated 78 bytes in 10 msecs (HTTP/1.1 403) 7 headers in 303 bytes (1 switches on core 0)
Nov 26 10:52:44.751441 np0000045433 devstack@m-api.service[99838]: INFO manila.api.openstack.wsgi [None req-3069fcf4-afd3-473c-961a-5a6346d8ac1e tempest-AdminActionsTest-1046672369 tempest-AdminActionsTest-1046672369-project-admin] GET https://10.19.119.126/share/v2/6e3c52f2b6834a3f81fe812689abe4a7/shares/6e7268cb-3257-4c61-8640-0cdfe85bdd4a
Nov 26 10:52:44.751959 np0000045433 devstack@m-api.service[99838]: DEBUG manila.api.openstack.wsgi [None req-3069fcf4-afd3-473c-961a-5a6346d8ac1e tempest-AdminActionsTest-1046672369 tempest-AdminActionsTest-1046672369-project-admin] Empty body provided in request {{(pid=99838) get_body /opt/stack/manila/manila/api/openstack/wsgi.py:652}}
Nov 26 10:52:44.752069 np0000045433 devstack@m-api.service[99838]: DEBUG manila.api.openstack.wsgi [None req-3069fcf4-afd3-473c-961a-5a6346d8ac1e tempest-AdminActionsTest-1046672369 tempest-AdminActionsTest-1046672369-project-admin] Calling method 'ShareMixin.show' {{(pid=99838) _process_stack /opt/stack/manila/manila/api/openstack/wsgi.py:798}}
Nov 26 10:52:44.760604 np0000045433 devstack@m-api.service[99838]: INFO manila.api.openstack.wsgi [None req-3069fcf4-afd3-473c-961a-5a6346d8ac1e tempest-AdminActionsTest-1046672369 tempest-AdminActionsTest-1046672369-project-admin] HTTP exception thrown: The resource could not be found.
Nov 26 10:52:44.761001 np0000045433 devstack@m-api.service[99838]: INFO manila.api.openstack.wsgi [None req-3069fcf4-afd3-473c-961a-5a6346d8ac1e tempest-AdminActionsTest-1046672369 tempest-AdminActionsTest-1046672369-project-admin] https://10.19.119.126/share/v2/6e3c52f2b6834a3f81fe812689abe4a7/shares/6e7268cb-3257-4c61-8640-0cdfe85bdd4a returned with HTTP 404
Nov 26 10:52:44.762118 np0000045433 devstack@m-api.service[99838]: [pid: 99838|app: 0|req: 29/58] 10.19.119.126 () {68 vars in 1509 bytes} [Wed Nov 26 10:52:44 2025] GET /share/v2/6e3c52f2b6834a3f81fe812689abe4a7/shares/6e7268cb-3257-4c61-8640-0cdfe85bdd4a => generated 78 bytes in 14 msecs (HTTP/1.1 404) 7 headers in 303 bytes (1 switches on core 0)
Nov 26 10:52:44.782505 np0000045433 devstack@m-api.service[99839]: INFO manila.api.openstack.wsgi [None req-54e84123-ca47-4fd0-8e5f-dc2458d7e760 tempest-AdminActionsTest-1046672369 tempest-AdminActionsTest-1046672369-project-admin] POST https://10.19.119.126/share/v2/6e3c52f2b6834a3f81fe812689abe4a7/shares
Nov 26 10:52:44.783621 np0000045433 devstack@m-api.service[99839]: DEBUG manila.api.openstack.wsgi [None req-54e84123-ca47-4fd0-8e5f-dc2458d7e760 tempest-AdminActionsTest-1046672369 tempest-AdminActionsTest-1046672369-project-admin] Action: 'create', calling method: Controller.__getattribute__.<locals>.version_select, body: {"share": {"share_proto": "nfs", "description": "Tempest's share", "snapshot_id": null, "name": "tempest-tempest-created-share-1901707990", "size": 10, "metadata": {}, "is_public": false, "share_type": "e013b84e-aa36-4a67-8ab3-05082c3b7dbb"}} {{(pid=99839) _process_stack /opt/stack/manila/manila/api/openstack/wsgi.py:796}}
Nov 26 10:52:44.785521 np0000045433 devstack@m-api.service[99839]: INFO manila.api.v1.shares [None req-54e84123-ca47-4fd0-8e5f-dc2458d7e760 tempest-AdminActionsTest-1046672369 tempest-AdminActionsTest-1046672369-project-admin] Create NFS share of 10 GB
Nov 26 10:52:44.825596 np0000045433 devstack@m-api.service[99838]: INFO manila.api.openstack.wsgi [None req-2942b923-e916-4f05-a781-4997265e539a tempest-AdminActionsNegativeTest-26701856 tempest-AdminActionsNegativeTest-26701856-project-admin] DELETE https://10.19.119.126/share/v2/db4f87ae3fd3498199d9f77a33d038e9/snapshots/a2122b8c-5cf1-423b-a631-2d621a4660c2
Nov 26 10:52:44.825979 np0000045433 devstack@m-api.service[99838]: DEBUG manila.api.openstack.wsgi [None req-2942b923-e916-4f05-a781-4997265e539a tempest-AdminActionsNegativeTest-26701856 tempest-AdminActionsNegativeTest-26701856-project-admin] Empty body provided in request {{(pid=99838) get_body /opt/stack/manila/manila/api/openstack/wsgi.py:652}}
Nov 26 10:52:44.826327 np0000045433 devstack@m-api.service[99838]: DEBUG manila.api.openstack.wsgi [None req-2942b923-e916-4f05-a781-4997265e539a tempest-AdminActionsNegativeTest-26701856 tempest-AdminActionsNegativeTest-26701856-project-admin] Calling method 'ShareSnapshotMixin.delete' {{(pid=99838) _process_stack /opt/stack/manila/manila/api/openstack/wsgi.py:798}}
Nov 26 10:52:44.826451 np0000045433 devstack@m-api.service[99838]: INFO manila.api.v1.share_snapshots [None req-2942b923-e916-4f05-a781-4997265e539a tempest-AdminActionsNegativeTest-26701856 tempest-AdminActionsNegativeTest-26701856-project-admin] Delete snapshot with id: a2122b8c-5cf1-423b-a631-2d621a4660c2
Nov 26 10:52:44.866623 np0000045433 devstack@m-api.service[99839]: DEBUG manila.quota [None req-54e84123-ca47-4fd0-8e5f-dc2458d7e760 tempest-AdminActionsTest-1046672369 tempest-AdminActionsTest-1046672369-project-admin] Created reservations ['062c56a9-efef-43f4-b6bb-3030769c8c4c', '9d2eea5b-6835-4d8f-a691-7987573f5cf8', '3eddc0e3-48d4-430c-ad52-042fdfa2bef4', 'e534f506-2c9f-4b5c-a9ad-4411dd018f5c'] {{(pid=99839) reserve /opt/stack/manila/manila/quota.py:1038}}
Nov 26 10:52:44.909138 np0000045433 devstack@m-api.service[99839]: DEBUG manila.quota [None req-54e84123-ca47-4fd0-8e5f-dc2458d7e760 tempest-AdminActionsTest-1046672369 tempest-AdminActionsTest-1046672369-project-admin] Committed reservations ['062c56a9-efef-43f4-b6bb-3030769c8c4c', '9d2eea5b-6835-4d8f-a691-7987573f5cf8', '3eddc0e3-48d4-430c-ad52-042fdfa2bef4', 'e534f506-2c9f-4b5c-a9ad-4411dd018f5c'] {{(pid=99839) commit /opt/stack/manila/manila/quota.py:1066}}
Nov 26 10:52:44.934516 np0000045433 devstack@m-api.service[99838]: INFO manila.api.openstack.wsgi [None req-2942b923-e916-4f05-a781-4997265e539a tempest-AdminActionsNegativeTest-26701856 tempest-AdminActionsNegativeTest-26701856-project-admin] https://10.19.119.126/share/v2/db4f87ae3fd3498199d9f77a33d038e9/snapshots/a2122b8c-5cf1-423b-a631-2d621a4660c2 returned with HTTP 202
Nov 26 10:52:44.936045 np0000045433 devstack@m-api.service[99838]: [pid: 99838|app: 0|req: 30/59] 10.19.119.126 () {68 vars in 1521 bytes} [Wed Nov 26 10:52:44 2025] DELETE /share/v2/db4f87ae3fd3498199d9f77a33d038e9/snapshots/a2122b8c-5cf1-423b-a631-2d621a4660c2 => generated 0 bytes in 113 msecs (HTTP/1.1 202) 7 headers in 309 bytes (1 switches on core 0)
Nov 26 10:52:44.955435 np0000045433 devstack@m-api.service[99838]: INFO manila.api.openstack.wsgi [None req-7ad18cea-bfaa-4e5e-b0da-f80196854cd8 tempest-AdminActionsNegativeTest-26701856 tempest-AdminActionsNegativeTest-26701856-project-admin] GET https://10.19.119.126/share/v2/db4f87ae3fd3498199d9f77a33d038e9/snapshots/a2122b8c-5cf1-423b-a631-2d621a4660c2
Nov 26 10:52:44.956089 np0000045433 devstack@m-api.service[99838]: DEBUG manila.api.openstack.wsgi [None req-7ad18cea-bfaa-4e5e-b0da-f80196854cd8 tempest-AdminActionsNegativeTest-26701856 tempest-AdminActionsNegativeTest-26701856-project-admin] Empty body provided in request {{(pid=99838) get_body /opt/stack/manila/manila/api/openstack/wsgi.py:652}}
Nov 26 10:52:44.956644 np0000045433 devstack@m-api.service[99838]: DEBUG manila.api.openstack.wsgi [None req-7ad18cea-bfaa-4e5e-b0da-f80196854cd8 tempest-AdminActionsNegativeTest-26701856 tempest-AdminActionsNegativeTest-26701856-project-admin] Calling method 'ShareSnapshotMixin.show' {{(pid=99838) _process_stack /opt/stack/manila/manila/api/openstack/wsgi.py:798}}
Nov 26 10:52:44.993817 np0000045433 devstack@m-api.service[99839]: INFO manila.api.openstack.wsgi [None req-54e84123-ca47-4fd0-8e5f-dc2458d7e760 tempest-AdminActionsTest-1046672369 tempest-AdminActionsTest-1046672369-project-admin] https://10.19.119.126/share/v2/6e3c52f2b6834a3f81fe812689abe4a7/shares returned with HTTP 200
Nov 26 10:52:44.995450 np0000045433 devstack@m-api.service[99839]: [pid: 99839|app: 0|req: 30/60] 10.19.119.126 () {70 vars in 1420 bytes} [Wed Nov 26 10:52:44 2025] POST /share/v2/6e3c52f2b6834a3f81fe812689abe4a7/shares => generated 1353 bytes in 216 msecs (HTTP/1.1 200) 7 headers in 298 bytes (1 switches on core 0)
Nov 26 10:52:44.999945 np0000045433 devstack@m-api.service[99838]: INFO manila.api.openstack.wsgi [None req-7ad18cea-bfaa-4e5e-b0da-f80196854cd8 tempest-AdminActionsNegativeTest-26701856 tempest-AdminActionsNegativeTest-26701856-project-admin] https://10.19.119.126/share/v2/db4f87ae3fd3498199d9f77a33d038e9/snapshots/a2122b8c-5cf1-423b-a631-2d621a4660c2 returned with HTTP 200
Nov 26 10:52:45.000902 np0000045433 devstack@m-api.service[99838]: [pid: 99838|app: 0|req: 31/61] 10.19.119.126 () {68 vars in 1518 bytes} [Wed Nov 26 10:52:44 2025] GET /share/v2/db4f87ae3fd3498199d9f77a33d038e9/snapshots/a2122b8c-5cf1-423b-a631-2d621a4660c2 => generated 753 bytes in 49 msecs (HTTP/1.1 200) 7 headers in 297 bytes (1 switches on core 0)
Nov 26 10:52:45.016751 np0000045433 devstack@m-api.service[99839]: INFO manila.api.openstack.wsgi [None req-d0b3059a-a5ba-4125-bb03-da5677d2d733 tempest-AdminActionsTest-1046672369 tempest-AdminActionsTest-1046672369-project-admin] GET https://10.19.119.126/share/v2/6e3c52f2b6834a3f81fe812689abe4a7/shares/3e937d81-b25f-410e-972d-222b3e02a698
Nov 26 10:52:45.017506 np0000045433 devstack@m-api.service[99839]: DEBUG manila.api.openstack.wsgi [None req-d0b3059a-a5ba-4125-bb03-da5677d2d733 tempest-AdminActionsTest-1046672369 tempest-AdminActionsTest-1046672369-project-admin] Empty body provided in request {{(pid=99839) get_body /opt/stack/manila/manila/api/openstack/wsgi.py:652}}
Nov 26 10:52:45.018138 np0000045433 devstack@m-api.service[99839]: DEBUG manila.api.openstack.wsgi [None req-d0b3059a-a5ba-4125-bb03-da5677d2d733 tempest-AdminActionsTest-1046672369 tempest-AdminActionsTest-1046672369-project-admin] Calling method 'ShareMixin.show' {{(pid=99839) _process_stack /opt/stack/manila/manila/api/openstack/wsgi.py:798}}
Nov 26 10:52:45.044759 np0000045433 devstack@m-api.service[99839]: INFO manila.api.openstack.wsgi [None req-d0b3059a-a5ba-4125-bb03-da5677d2d733 tempest-AdminActionsTest-1046672369 tempest-AdminActionsTest-1046672369-project-admin] https://10.19.119.126/share/v2/6e3c52f2b6834a3f81fe812689abe4a7/shares/3e937d81-b25f-410e-972d-222b3e02a698 returned with HTTP 200
Nov 26 10:52:45.045270 np0000045433 devstack@m-api.service[99839]: [pid: 99839|app: 0|req: 31/62] 10.19.119.126 () {68 vars in 1509 bytes} [Wed Nov 26 10:52:45 2025] GET /share/v2/6e3c52f2b6834a3f81fe812689abe4a7/shares/3e937d81-b25f-410e-972d-222b3e02a698 => generated 1353 bytes in 36 msecs (HTTP/1.1 200) 7 headers in 298 bytes (1 switches on core 0)
Nov 26 10:52:48.033778 np0000045433 devstack@m-api.service[99838]: INFO manila.api.openstack.wsgi [None req-ccaf2620-3a5e-4038-921e-87c2e6230d07 tempest-AdminActionsNegativeTest-26701856 tempest-AdminActionsNegativeTest-26701856-project-admin] GET https://10.19.119.126/share/v2/db4f87ae3fd3498199d9f77a33d038e9/snapshots/a2122b8c-5cf1-423b-a631-2d621a4660c2
Nov 26 10:52:48.034787 np0000045433 devstack@m-api.service[99838]: DEBUG manila.api.openstack.wsgi [None req-ccaf2620-3a5e-4038-921e-87c2e6230d07 tempest-AdminActionsNegativeTest-26701856 tempest-AdminActionsNegativeTest-26701856-project-admin] Empty body provided in request {{(pid=99838) get_body /opt/stack/manila/manila/api/openstack/wsgi.py:652}}
Nov 26 10:52:48.034787 np0000045433 devstack@m-api.service[99838]: DEBUG manila.api.openstack.wsgi [None req-ccaf2620-3a5e-4038-921e-87c2e6230d07 tempest-AdminActionsNegativeTest-26701856 tempest-AdminActionsNegativeTest-26701856-project-admin] Calling method 'ShareSnapshotMixin.show' {{(pid=99838) _process_stack /opt/stack/manila/manila/api/openstack/wsgi.py:798}}
Nov 26 10:52:48.045576 np0000045433 devstack@m-api.service[99838]: INFO manila.api.openstack.wsgi [None req-ccaf2620-3a5e-4038-921e-87c2e6230d07 tempest-AdminActionsNegativeTest-26701856 tempest-AdminActionsNegativeTest-26701856-project-admin] HTTP exception thrown: The resource could not be found.
Nov 26 10:52:48.045900 np0000045433 devstack@m-api.service[99838]: INFO manila.api.openstack.wsgi [None req-ccaf2620-3a5e-4038-921e-87c2e6230d07 tempest-AdminActionsNegativeTest-26701856 tempest-AdminActionsNegativeTest-26701856-project-admin] https://10.19.119.126/share/v2/db4f87ae3fd3498199d9f77a33d038e9/snapshots/a2122b8c-5cf1-423b-a631-2d621a4660c2 returned with HTTP 404
Nov 26 10:52:48.046571 np0000045433 devstack@m-api.service[99838]: [pid: 99838|app: 0|req: 32/63] 10.19.119.126 () {68 vars in 1518 bytes} [Wed Nov 26 10:52:48 2025] GET /share/v2/db4f87ae3fd3498199d9f77a33d038e9/snapshots/a2122b8c-5cf1-423b-a631-2d621a4660c2 => generated 78 bytes in 22 msecs (HTTP/1.1 404) 7 headers in 303 bytes (1 switches on core 0)
Nov 26 10:52:48.066618 np0000045433 devstack@m-api.service[99838]: INFO manila.api.openstack.wsgi [None req-446ca330-ef48-45bc-a8e5-7d515abd69a0 tempest-AdminActionsTest-1046672369 tempest-AdminActionsTest-1046672369-project-admin] GET https://10.19.119.126/share/v2/6e3c52f2b6834a3f81fe812689abe4a7/shares/3e937d81-b25f-410e-972d-222b3e02a698
Nov 26 10:52:48.066974 np0000045433 devstack@m-api.service[99838]: DEBUG manila.api.openstack.wsgi [None req-446ca330-ef48-45bc-a8e5-7d515abd69a0 tempest-AdminActionsTest-1046672369 tempest-AdminActionsTest-1046672369-project-admin] Empty body provided in request {{(pid=99838) get_body /opt/stack/manila/manila/api/openstack/wsgi.py:652}}
Nov 26 10:52:48.067278 np0000045433 devstack@m-api.service[99838]: DEBUG manila.api.openstack.wsgi [None req-446ca330-ef48-45bc-a8e5-7d515abd69a0 tempest-AdminActionsTest-1046672369 tempest-AdminActionsTest-1046672369-project-admin] Calling method 'ShareMixin.show' {{(pid=99838) _process_stack /opt/stack/manila/manila/api/openstack/wsgi.py:798}}
Nov 26 10:52:48.068707 np0000045433 devstack@m-api.service[99839]: INFO manila.api.openstack.wsgi [None req-800d57ed-0ad5-4fac-8edd-3fa319577c30 tempest-AdminActionsNegativeTest-905443190 tempest-AdminActionsNegativeTest-905443190-project-member] GET https://10.19.119.126/share/v2/2f8c77389eec43a98438512dd450d583/share-replicas/detail?share_id=44b51e8e-a3b0-4fc5-88d4-863b050ab208
Nov 26 10:52:48.069264 np0000045433 devstack@m-api.service[99839]: DEBUG manila.api.openstack.wsgi [None req-800d57ed-0ad5-4fac-8edd-3fa319577c30 tempest-AdminActionsNegativeTest-905443190 tempest-AdminActionsNegativeTest-905443190-project-member] Empty body provided in request {{(pid=99839) get_body /opt/stack/manila/manila/api/openstack/wsgi.py:652}}
Nov 26 10:52:48.069490 np0000045433 devstack@m-api.service[99839]: DEBUG manila.api.openstack.wsgi [None req-800d57ed-0ad5-4fac-8edd-3fa319577c30 tempest-AdminActionsNegativeTest-905443190 tempest-AdminActionsNegativeTest-905443190-project-member] Calling method 'Controller.__getattribute__.<locals>.version_select' {{(pid=99839) _process_stack /opt/stack/manila/manila/api/openstack/wsgi.py:798}}
Nov 26 10:52:48.086791 np0000045433 devstack@m-api.service[99839]: INFO manila.api.openstack.wsgi [None req-800d57ed-0ad5-4fac-8edd-3fa319577c30 tempest-AdminActionsNegativeTest-905443190 tempest-AdminActionsNegativeTest-905443190-project-member] https://10.19.119.126/share/v2/2f8c77389eec43a98438512dd450d583/share-replicas/detail?share_id=44b51e8e-a3b0-4fc5-88d4-863b050ab208 returned with HTTP 200
Nov 26 10:52:48.087916 np0000045433 devstack@m-api.service[99839]: [pid: 99839|app: 0|req: 32/64] 10.19.119.126 () {68 vars in 1534 bytes} [Wed Nov 26 10:52:48 2025] GET /share/v2/2f8c77389eec43a98438512dd450d583/share-replicas/detail?share_id=44b51e8e-a3b0-4fc5-88d4-863b050ab208 => generated 22 bytes in 24 msecs (HTTP/1.1 200) 7 headers in 296 bytes (1 switches on core 0)
Nov 26 10:52:48.088668 np0000045433 devstack@m-api.service[99838]: INFO manila.api.openstack.wsgi [None req-446ca330-ef48-45bc-a8e5-7d515abd69a0 tempest-AdminActionsTest-1046672369 tempest-AdminActionsTest-1046672369-project-admin] https://10.19.119.126/share/v2/6e3c52f2b6834a3f81fe812689abe4a7/shares/3e937d81-b25f-410e-972d-222b3e02a698 returned with HTTP 200
Nov 26 10:52:48.089125 np0000045433 devstack@m-api.service[99838]: [pid: 99838|app: 0|req: 33/65] 10.19.119.126 () {68 vars in 1509 bytes} [Wed Nov 26 10:52:48 2025] GET /share/v2/6e3c52f2b6834a3f81fe812689abe4a7/shares/3e937d81-b25f-410e-972d-222b3e02a698 => generated 1392 bytes in 26 msecs (HTTP/1.1 200) 7 headers in 298 bytes (2 switches on core 0)
Nov 26 10:52:48.100724 np0000045433 devstack@m-api.service[99839]: INFO manila.api.openstack.wsgi [None req-bacbcead-33b5-437c-a0b5-85216c6333ac tempest-AdminActionsNegativeTest-26701856 tempest-AdminActionsNegativeTest-26701856-project-admin] DELETE https://10.19.119.126/share/v2/db4f87ae3fd3498199d9f77a33d038e9/shares/44b51e8e-a3b0-4fc5-88d4-863b050ab208
Nov 26 10:52:48.101083 np0000045433 devstack@m-api.service[99839]: DEBUG manila.api.openstack.wsgi [None req-bacbcead-33b5-437c-a0b5-85216c6333ac tempest-AdminActionsNegativeTest-26701856 tempest-AdminActionsNegativeTest-26701856-project-admin] Empty body provided in request {{(pid=99839) get_body /opt/stack/manila/manila/api/openstack/wsgi.py:652}}
Nov 26 10:52:48.101623 np0000045433 devstack@m-api.service[99839]: DEBUG manila.api.openstack.wsgi [None req-bacbcead-33b5-437c-a0b5-85216c6333ac tempest-AdminActionsNegativeTest-26701856 tempest-AdminActionsNegativeTest-26701856-project-admin] Calling method 'ShareMixin.delete' {{(pid=99839) _process_stack /opt/stack/manila/manila/api/openstack/wsgi.py:798}}
Nov 26 10:52:48.102357 np0000045433 devstack@m-api.service[99839]: INFO manila.api.v1.shares [None req-bacbcead-33b5-437c-a0b5-85216c6333ac tempest-AdminActionsNegativeTest-26701856 tempest-AdminActionsNegativeTest-26701856-project-admin] Delete share with id: 44b51e8e-a3b0-4fc5-88d4-863b050ab208
Nov 26 10:52:48.110749 np0000045433 devstack@m-api.service[99838]: INFO manila.api.openstack.wsgi [None req-bc1a969d-632b-4e13-9031-0fd5059823d8 tempest-AdminActionsTest-1046672369 tempest-AdminActionsTest-1046672369-project-admin] POST https://10.19.119.126/share/v2/6e3c52f2b6834a3f81fe812689abe4a7/shares/3e937d81-b25f-410e-972d-222b3e02a698/action
Nov 26 10:52:48.111124 np0000045433 devstack@m-api.service[99838]: DEBUG manila.api.openstack.wsgi [None req-bc1a969d-632b-4e13-9031-0fd5059823d8 tempest-AdminActionsTest-1046672369 tempest-AdminActionsTest-1046672369-project-admin] Action body: b'{"extend": {"new_size": 11, "force": false}}' {{(pid=99838) get_method /opt/stack/manila/manila/api/openstack/wsgi.py:912}}
Nov 26 10:52:48.111401 np0000045433 devstack@m-api.service[99838]: DEBUG manila.api.openstack.wsgi [None req-bc1a969d-632b-4e13-9031-0fd5059823d8 tempest-AdminActionsTest-1046672369 tempest-AdminActionsTest-1046672369-project-admin] Action: 'action', calling method: Controller.__getattribute__.<locals>.version_select, body: {"extend": {"new_size": 11, "force": false}} {{(pid=99838) _process_stack /opt/stack/manila/manila/api/openstack/wsgi.py:796}}
Nov 26 10:52:48.184936 np0000045433 devstack@m-api.service[99838]: DEBUG manila.quota [None req-bc1a969d-632b-4e13-9031-0fd5059823d8 tempest-AdminActionsTest-1046672369 tempest-AdminActionsTest-1046672369-project-admin] Created reservations ['2316ccda-97f2-445f-a118-208243893501', '940a7170-d972-4830-93b0-ad6ae612dffb'] {{(pid=99838) reserve /opt/stack/manila/manila/quota.py:1038}}
Nov 26 10:52:48.230347 np0000045433 devstack@m-api.service[99839]: INFO manila.api.openstack.wsgi [None req-bacbcead-33b5-437c-a0b5-85216c6333ac tempest-AdminActionsNegativeTest-26701856 tempest-AdminActionsNegativeTest-26701856-project-admin] https://10.19.119.126/share/v2/db4f87ae3fd3498199d9f77a33d038e9/shares/44b51e8e-a3b0-4fc5-88d4-863b050ab208 returned with HTTP 202
Nov 26 10:52:48.231213 np0000045433 devstack@m-api.service[99839]: [pid: 99839|app: 0|req: 33/66] 10.19.119.126 () {68 vars in 1512 bytes} [Wed Nov 26 10:52:48 2025] DELETE /share/v2/db4f87ae3fd3498199d9f77a33d038e9/shares/44b51e8e-a3b0-4fc5-88d4-863b050ab208 => generated 0 bytes in 134 msecs (HTTP/1.1 202) 7 headers in 309 bytes (1 switches on core 0)
Nov 26 10:52:48.249116 np0000045433 devstack@m-api.service[99839]: INFO manila.api.openstack.wsgi [None req-a1c22698-ed6e-43dd-8bb2-ecfe6c97700f tempest-AdminActionsNegativeTest-26701856 tempest-AdminActionsNegativeTest-26701856-project-admin] GET https://10.19.119.126/share/v2/db4f87ae3fd3498199d9f77a33d038e9/shares/44b51e8e-a3b0-4fc5-88d4-863b050ab208
Nov 26 10:52:48.249378 np0000045433 devstack@m-api.service[99839]: DEBUG manila.api.openstack.wsgi [None req-a1c22698-ed6e-43dd-8bb2-ecfe6c97700f tempest-AdminActionsNegativeTest-26701856 tempest-AdminActionsNegativeTest-26701856-project-admin] Empty body provided in request {{(pid=99839) get_body /opt/stack/manila/manila/api/openstack/wsgi.py:652}}
Nov 26 10:52:48.249642 np0000045433 devstack@m-api.service[99839]: DEBUG manila.api.openstack.wsgi [None req-a1c22698-ed6e-43dd-8bb2-ecfe6c97700f tempest-AdminActionsNegativeTest-26701856 tempest-AdminActionsNegativeTest-26701856-project-admin] Calling method 'ShareMixin.show' {{(pid=99839) _process_stack /opt/stack/manila/manila/api/openstack/wsgi.py:798}}
Nov 26 10:52:48.273282 np0000045433 devstack@m-api.service[99839]: INFO manila.api.openstack.wsgi [None req-a1c22698-ed6e-43dd-8bb2-ecfe6c97700f tempest-AdminActionsNegativeTest-26701856 tempest-AdminActionsNegativeTest-26701856-project-admin] https://10.19.119.126/share/v2/db4f87ae3fd3498199d9f77a33d038e9/shares/44b51e8e-a3b0-4fc5-88d4-863b050ab208 returned with HTTP 200
Nov 26 10:52:48.274091 np0000045433 devstack@m-api.service[99839]: [pid: 99839|app: 0|req: 34/67] 10.19.119.126 () {68 vars in 1509 bytes} [Wed Nov 26 10:52:48 2025] GET /share/v2/db4f87ae3fd3498199d9f77a33d038e9/shares/44b51e8e-a3b0-4fc5-88d4-863b050ab208 => generated 1389 bytes in 30 msecs (HTTP/1.1 200) 7 headers in 298 bytes (1 switches on core 0)
Nov 26 10:52:48.277294 np0000045433 devstack@m-api.service[99838]: INFO manila.share.api [None req-bc1a969d-632b-4e13-9031-0fd5059823d8 tempest-AdminActionsTest-1046672369 tempest-AdminActionsTest-1046672369-project-admin] Extend share request issued successfully.
Nov 26 10:52:48.277842 np0000045433 devstack@m-api.service[99838]: INFO manila.api.openstack.wsgi [None req-bc1a969d-632b-4e13-9031-0fd5059823d8 tempest-AdminActionsTest-1046672369 tempest-AdminActionsTest-1046672369-project-admin] https://10.19.119.126/share/v2/6e3c52f2b6834a3f81fe812689abe4a7/shares/3e937d81-b25f-410e-972d-222b3e02a698/action returned with HTTP 202
Nov 26 10:52:48.278940 np0000045433 devstack@m-api.service[99838]: [pid: 99838|app: 0|req: 34/68] 10.19.119.126 () {70 vars in 1551 bytes} [Wed Nov 26 10:52:48 2025] POST /share/v2/6e3c52f2b6834a3f81fe812689abe4a7/shares/3e937d81-b25f-410e-972d-222b3e02a698/action => generated 0 bytes in 171 msecs (HTTP/1.1 202) 7 headers in 309 bytes (1 switches on core 0)
Nov 26 10:52:48.388501 np0000045433 devstack@m-api.service[99839]: INFO manila.api.openstack.wsgi [None req-5b4cb4a9-8228-472a-8ae2-b624bc08b387 tempest-AdminActionsTest-1046672369 tempest-AdminActionsTest-1046672369-project-admin] GET https://10.19.119.126/share/v1/6e3c52f2b6834a3f81fe812689abe4a7/shares/3e937d81-b25f-410e-972d-222b3e02a698
Nov 26 10:52:48.388820 np0000045433 devstack@m-api.service[99839]: DEBUG manila.api.openstack.wsgi [None req-5b4cb4a9-8228-472a-8ae2-b624bc08b387 tempest-AdminActionsTest-1046672369 tempest-AdminActionsTest-1046672369-project-admin] Empty body provided in request {{(pid=99839) get_body /opt/stack/manila/manila/api/openstack/wsgi.py:652}}
Nov 26 10:52:48.388999 np0000045433 devstack@m-api.service[99839]: DEBUG manila.api.openstack.wsgi [None req-5b4cb4a9-8228-472a-8ae2-b624bc08b387 tempest-AdminActionsTest-1046672369 tempest-AdminActionsTest-1046672369-project-admin] Calling method 'ShareMixin.show' {{(pid=99839) _process_stack /opt/stack/manila/manila/api/openstack/wsgi.py:798}}
Nov 26 10:52:48.409603 np0000045433 devstack@m-api.service[99839]: INFO manila.api.openstack.wsgi [None req-5b4cb4a9-8228-472a-8ae2-b624bc08b387 tempest-AdminActionsTest-1046672369 tempest-AdminActionsTest-1046672369-project-admin] https://10.19.119.126/share/v1/6e3c52f2b6834a3f81fe812689abe4a7/shares/3e937d81-b25f-410e-972d-222b3e02a698 returned with HTTP 200
Nov 26 10:52:48.410373 np0000045433 devstack@m-api.service[99839]: [pid: 99839|app: 0|req: 35/69] 10.19.119.126 () {66 vars in 1466 bytes} [Wed Nov 26 10:52:48 2025] GET /share/v1/6e3c52f2b6834a3f81fe812689abe4a7/shares/3e937d81-b25f-410e-972d-222b3e02a698 => generated 976 bytes in 119 msecs (HTTP/1.1 200) 7 headers in 296 bytes (1 switches on core 0)
Nov 26 10:52:51.304492 np0000045433 devstack@m-api.service[99838]: INFO manila.api.openstack.wsgi [None req-e3948df4-d952-4e2b-9daa-77b740a08521 tempest-AdminActionsNegativeTest-26701856 tempest-AdminActionsNegativeTest-26701856-project-admin] GET https://10.19.119.126/share/v2/db4f87ae3fd3498199d9f77a33d038e9/shares/44b51e8e-a3b0-4fc5-88d4-863b050ab208
Nov 26 10:52:51.305734 np0000045433 devstack@m-api.service[99838]: DEBUG manila.api.openstack.wsgi [None req-e3948df4-d952-4e2b-9daa-77b740a08521 tempest-AdminActionsNegativeTest-26701856 tempest-AdminActionsNegativeTest-26701856-project-admin] Empty body provided in request {{(pid=99838) get_body /opt/stack/manila/manila/api/openstack/wsgi.py:652}}
Nov 26 10:52:51.306307 np0000045433 devstack@m-api.service[99838]: DEBUG manila.api.openstack.wsgi [None req-e3948df4-d952-4e2b-9daa-77b740a08521 tempest-AdminActionsNegativeTest-26701856 tempest-AdminActionsNegativeTest-26701856-project-admin] Calling method 'ShareMixin.show' {{(pid=99838) _process_stack /opt/stack/manila/manila/api/openstack/wsgi.py:798}}
Nov 26 10:52:51.315524 np0000045433 devstack@m-api.service[99838]: INFO manila.api.openstack.wsgi [None req-e3948df4-d952-4e2b-9daa-77b740a08521 tempest-AdminActionsNegativeTest-26701856 tempest-AdminActionsNegativeTest-26701856-project-admin] HTTP exception thrown: The resource could not be found.
Nov 26 10:52:51.316226 np0000045433 devstack@m-api.service[99838]: INFO manila.api.openstack.wsgi [None req-e3948df4-d952-4e2b-9daa-77b740a08521 tempest-AdminActionsNegativeTest-26701856 tempest-AdminActionsNegativeTest-26701856-project-admin] https://10.19.119.126/share/v2/db4f87ae3fd3498199d9f77a33d038e9/shares/44b51e8e-a3b0-4fc5-88d4-863b050ab208 returned with HTTP 404
Nov 26 10:52:51.317228 np0000045433 devstack@m-api.service[99838]: [pid: 99838|app: 0|req: 35/70] 10.19.119.126 () {68 vars in 1509 bytes} [Wed Nov 26 10:52:51 2025] GET /share/v2/db4f87ae3fd3498199d9f77a33d038e9/shares/44b51e8e-a3b0-4fc5-88d4-863b050ab208 => generated 78 bytes in 20 msecs (HTTP/1.1 404) 7 headers in 303 bytes (1 switches on core 0)
Nov 26 10:52:51.343933 np0000045433 devstack@m-api.service[99839]: INFO manila.api.openstack.wsgi [None req-1d0ea546-b9d0-49d4-bb88-10ecf580e994 tempest-AdminActionsNegativeTest-26701856 tempest-AdminActionsNegativeTest-26701856-project-admin] DELETE https://10.19.119.126/share/v2/db4f87ae3fd3498199d9f77a33d038e9/types/bd975b50-be07-4b1c-b6aa-22a26930cc72
Nov 26 10:52:51.344913 np0000045433 devstack@m-api.service[99839]: DEBUG manila.api.openstack.wsgi [None req-1d0ea546-b9d0-49d4-bb88-10ecf580e994 tempest-AdminActionsNegativeTest-26701856 tempest-AdminActionsNegativeTest-26701856-project-admin] Empty body provided in request {{(pid=99839) get_body /opt/stack/manila/manila/api/openstack/wsgi.py:652}}
Nov 26 10:52:51.345419 np0000045433 devstack@m-api.service[99839]: DEBUG manila.api.openstack.wsgi [None req-1d0ea546-b9d0-49d4-bb88-10ecf580e994 tempest-AdminActionsNegativeTest-26701856 tempest-AdminActionsNegativeTest-26701856-project-admin] Calling method 'ShareTypesController._delete' {{(pid=99839) _process_stack /opt/stack/manila/manila/api/openstack/wsgi.py:798}}
Nov 26 10:52:51.416509 np0000045433 devstack@m-api.service[99839]: INFO manila.api.openstack.wsgi [None req-1d0ea546-b9d0-49d4-bb88-10ecf580e994 tempest-AdminActionsNegativeTest-26701856 tempest-AdminActionsNegativeTest-26701856-project-admin] https://10.19.119.126/share/v2/db4f87ae3fd3498199d9f77a33d038e9/types/bd975b50-be07-4b1c-b6aa-22a26930cc72 returned with HTTP 202
Nov 26 10:52:51.417149 np0000045433 devstack@m-api.service[99839]: [pid: 99839|app: 0|req: 36/71] 10.19.119.126 () {68 vars in 1509 bytes} [Wed Nov 26 10:52:51 2025] DELETE /share/v2/db4f87ae3fd3498199d9f77a33d038e9/types/bd975b50-be07-4b1c-b6aa-22a26930cc72 => generated 0 bytes in 79 msecs (HTTP/1.1 202) 7 headers in 309 bytes (1 switches on core 0)
Nov 26 10:52:51.430146 np0000045433 devstack@m-api.service[99838]: INFO manila.api.openstack.wsgi [None req-e6c7adf9-1c2c-47ec-932f-ee5b948cf493 tempest-AdminActionsTest-1046672369 tempest-AdminActionsTest-1046672369-project-admin] GET https://10.19.119.126/share/v1/6e3c52f2b6834a3f81fe812689abe4a7/shares/3e937d81-b25f-410e-972d-222b3e02a698
Nov 26 10:52:51.430571 np0000045433 devstack@m-api.service[99838]: DEBUG manila.api.openstack.wsgi [None req-e6c7adf9-1c2c-47ec-932f-ee5b948cf493 tempest-AdminActionsTest-1046672369 tempest-AdminActionsTest-1046672369-project-admin] Empty body provided in request {{(pid=99838) get_body /opt/stack/manila/manila/api/openstack/wsgi.py:652}}
Nov 26 10:52:51.431003 np0000045433 devstack@m-api.service[99838]: DEBUG manila.api.openstack.wsgi [None req-e6c7adf9-1c2c-47ec-932f-ee5b948cf493 tempest-AdminActionsTest-1046672369 tempest-AdminActionsTest-1046672369-project-admin] Calling method 'ShareMixin.show' {{(pid=99838) _process_stack /opt/stack/manila/manila/api/openstack/wsgi.py:798}}
Nov 26 10:52:51.443388 np0000045433 devstack@m-api.service[99839]: INFO manila.api.openstack.wsgi [None req-a795f6d3-36b0-4616-8eb7-9db4fb34f9dc tempest-AdminActionsNegativeTest-26701856 tempest-AdminActionsNegativeTest-26701856-project-admin] GET https://10.19.119.126/share/v2/db4f87ae3fd3498199d9f77a33d038e9/types/bd975b50-be07-4b1c-b6aa-22a26930cc72
Nov 26 10:52:51.443905 np0000045433 devstack@m-api.service[99839]: DEBUG manila.api.openstack.wsgi [None req-a795f6d3-36b0-4616-8eb7-9db4fb34f9dc tempest-AdminActionsNegativeTest-26701856 tempest-AdminActionsNegativeTest-26701856-project-admin] Empty body provided in request {{(pid=99839) get_body /opt/stack/manila/manila/api/openstack/wsgi.py:652}}
Nov 26 10:52:51.444134 np0000045433 devstack@m-api.service[99839]: DEBUG manila.api.openstack.wsgi [None req-a795f6d3-36b0-4616-8eb7-9db4fb34f9dc tempest-AdminActionsNegativeTest-26701856 tempest-AdminActionsNegativeTest-26701856-project-admin] Calling method 'ShareTypesController.show' {{(pid=99839) _process_stack /opt/stack/manila/manila/api/openstack/wsgi.py:798}}
Nov 26 10:52:51.450130 np0000045433 devstack@m-api.service[99839]: INFO manila.api.openstack.wsgi [None req-a795f6d3-36b0-4616-8eb7-9db4fb34f9dc tempest-AdminActionsNegativeTest-26701856 tempest-AdminActionsNegativeTest-26701856-project-admin] HTTP exception thrown: Share type not found.
Nov 26 10:52:51.450436 np0000045433 devstack@m-api.service[99839]: INFO manila.api.openstack.wsgi [None req-a795f6d3-36b0-4616-8eb7-9db4fb34f9dc tempest-AdminActionsNegativeTest-26701856 tempest-AdminActionsNegativeTest-26701856-project-admin] https://10.19.119.126/share/v2/db4f87ae3fd3498199d9f77a33d038e9/types/bd975b50-be07-4b1c-b6aa-22a26930cc72 returned with HTTP 404
Nov 26 10:52:51.451466 np0000045433 devstack@m-api.service[99839]: [pid: 99839|app: 0|req: 37/72] 10.19.119.126 () {68 vars in 1506 bytes} [Wed Nov 26 10:52:51 2025] GET /share/v2/db4f87ae3fd3498199d9f77a33d038e9/types/bd975b50-be07-4b1c-b6aa-22a26930cc72 => generated 67 bytes in 13 msecs (HTTP/1.1 404) 7 headers in 303 bytes (1 switches on core 0)
Nov 26 10:52:51.456229 np0000045433 devstack@m-api.service[99838]: INFO manila.api.openstack.wsgi [None req-e6c7adf9-1c2c-47ec-932f-ee5b948cf493 tempest-AdminActionsTest-1046672369 tempest-AdminActionsTest-1046672369-project-admin] https://10.19.119.126/share/v1/6e3c52f2b6834a3f81fe812689abe4a7/shares/3e937d81-b25f-410e-972d-222b3e02a698 returned with HTTP 200
Nov 26 10:52:51.457060 np0000045433 devstack@m-api.service[99838]: [pid: 99838|app: 0|req: 36/73] 10.19.119.126 () {66 vars in 1466 bytes} [Wed Nov 26 10:52:51 2025] GET /share/v1/6e3c52f2b6834a3f81fe812689abe4a7/shares/3e937d81-b25f-410e-972d-222b3e02a698 => generated 1043 bytes in 31 msecs (HTTP/1.1 200) 7 headers in 297 bytes (2 switches on core 0)
Nov 26 10:52:51.469613 np0000045433 devstack@m-api.service[99839]: INFO manila.api.openstack.wsgi [None req-cafe25fa-d394-42a3-8fc0-78f383681b4e tempest-AdminActionsTest-1046672369 tempest-AdminActionsTest-1046672369-project-admin] GET https://10.19.119.126/share/v2/6e3c52f2b6834a3f81fe812689abe4a7/shares/3e937d81-b25f-410e-972d-222b3e02a698
Nov 26 10:52:51.470169 np0000045433 devstack@m-api.service[99839]: DEBUG manila.api.openstack.wsgi [None req-cafe25fa-d394-42a3-8fc0-78f383681b4e tempest-AdminActionsTest-1046672369 tempest-AdminActionsTest-1046672369-project-admin] Empty body provided in request {{(pid=99839) get_body /opt/stack/manila/manila/api/openstack/wsgi.py:652}}
Nov 26 10:52:51.470689 np0000045433 devstack@m-api.service[99839]: DEBUG manila.api.openstack.wsgi [None req-cafe25fa-d394-42a3-8fc0-78f383681b4e tempest-AdminActionsTest-1046672369 tempest-AdminActionsTest-1046672369-project-admin] Calling method 'ShareMixin.show' {{(pid=99839) _process_stack /opt/stack/manila/manila/api/openstack/wsgi.py:798}}
Nov 26 10:52:51.491977 np0000045433 devstack@m-api.service[99839]: INFO manila.api.openstack.wsgi [None req-cafe25fa-d394-42a3-8fc0-78f383681b4e tempest-AdminActionsTest-1046672369 tempest-AdminActionsTest-1046672369-project-admin] https://10.19.119.126/share/v2/6e3c52f2b6834a3f81fe812689abe4a7/shares/3e937d81-b25f-410e-972d-222b3e02a698 returned with HTTP 200
Nov 26 10:52:51.492691 np0000045433 devstack@m-api.service[99839]: [pid: 99839|app: 0|req: 38/74] 10.19.119.126 () {68 vars in 1509 bytes} [Wed Nov 26 10:52:51 2025] GET /share/v2/6e3c52f2b6834a3f81fe812689abe4a7/shares/3e937d81-b25f-410e-972d-222b3e02a698 => generated 1392 bytes in 26 msecs (HTTP/1.1 200) 7 headers in 298 bytes (1 switches on core 0)
Nov 26 10:52:51.519546 np0000045433 devstack@m-api.service[99838]: INFO manila.api.openstack.wsgi [None req-f629cab6-26d7-40d6-8119-f2c5bb7a374f tempest-AdminActionsTest-1046672369 tempest-AdminActionsTest-1046672369-project-admin] GET https://10.19.119.126/share/v2/6e3c52f2b6834a3f81fe812689abe4a7/share-replicas/detail?share_id=3e937d81-b25f-410e-972d-222b3e02a698
Nov 26 10:52:51.519870 np0000045433 devstack@m-api.service[99838]: DEBUG manila.api.openstack.wsgi [None req-f629cab6-26d7-40d6-8119-f2c5bb7a374f tempest-AdminActionsTest-1046672369 tempest-AdminActionsTest-1046672369-project-admin] Empty body provided in request {{(pid=99838) get_body /opt/stack/manila/manila/api/openstack/wsgi.py:652}}
